Archive member included to satisfy reference by file (symbol)

/Users/davidricaud/.pico-sdk/toolchain/14_2_Rel1/bin/../lib/gcc/arm-none-eabi/14.2.1/../../../../arm-none-eabi/lib/thumb/v8-m.main+fp/softfp/libm.a(libm_a-wf_sqrt.o)
                              CMakeFiles/Touchord.dir/src/Touchord.c.o (sqrtf)
/Users/davidricaud/.pico-sdk/toolchain/14_2_Rel1/bin/../lib/gcc/arm-none-eabi/14.2.1/../../../../arm-none-eabi/lib/thumb/v8-m.main+fp/softfp/libm.a(libm_a-ef_sqrt.o)
                              /Users/davidricaud/.pico-sdk/toolchain/14_2_Rel1/bin/../lib/gcc/arm-none-eabi/14.2.1/../../../../arm-none-eabi/lib/thumb/v8-m.main+fp/softfp/libm.a(libm_a-wf_sqrt.o) (__ieee754_sqrtf)
/Users/davidricaud/.pico-sdk/toolchain/14_2_Rel1/bin/../lib/gcc/arm-none-eabi/14.2.1/../../../../arm-none-eabi/lib/thumb/v8-m.main+fp/softfp/libm.a(libm_a-sf_lround.o)
                              CMakeFiles/Touchord.dir/amy/src/patches.c.o (lroundf)
/Users/davidricaud/.pico-sdk/toolchain/14_2_Rel1/bin/../lib/gcc/arm-none-eabi/14.2.1/thumb/v8-m.main+fp/softfp/libgcc.a(_arm_addsubdf3.o)
                              CMakeFiles/Touchord.dir/src/Touchord.c.o (__aeabi_f2d)
/Users/davidricaud/.pico-sdk/toolchain/14_2_Rel1/bin/../lib/gcc/arm-none-eabi/14.2.1/thumb/v8-m.main+fp/softfp/libgcc.a(_aeabi_ldivmod.o)
                              CMakeFiles/Touchord.dir/Users/davidricaud/.pico-sdk/sdk/2.2.0/src/common/pico_time/time.c.o (__aeabi_ldivmod)
/Users/davidricaud/.pico-sdk/toolchain/14_2_Rel1/bin/../lib/gcc/arm-none-eabi/14.2.1/thumb/v8-m.main+fp/softfp/libgcc.a(_aeabi_uldivmod.o)
                              CMakeFiles/Touchord.dir/src/Touchord.c.o (__aeabi_uldivmod)
/Users/davidricaud/.pico-sdk/toolchain/14_2_Rel1/bin/../lib/gcc/arm-none-eabi/14.2.1/thumb/v8-m.main+fp/softfp/libgcc.a(_udivmoddi4.o)
                              /Users/davidricaud/.pico-sdk/toolchain/14_2_Rel1/bin/../lib/gcc/arm-none-eabi/14.2.1/thumb/v8-m.main+fp/softfp/libgcc.a(_aeabi_ldivmod.o) (__udivmoddi4)
/Users/davidricaud/.pico-sdk/toolchain/14_2_Rel1/bin/../lib/gcc/arm-none-eabi/14.2.1/thumb/v8-m.main+fp/softfp/libgcc.a(_dvmd_tls.o)
                              /Users/davidricaud/.pico-sdk/toolchain/14_2_Rel1/bin/../lib/gcc/arm-none-eabi/14.2.1/thumb/v8-m.main+fp/softfp/libgcc.a(_aeabi_ldivmod.o) (__aeabi_ldiv0)
/Users/davidricaud/.pico-sdk/toolchain/14_2_Rel1/bin/../lib/gcc/arm-none-eabi/14.2.1/../../../../arm-none-eabi/lib/thumb/v8-m.main+fp/softfp/libg.a(libc_a-abort.o)
                              CMakeFiles/Touchord.dir/amy/src/amy.c.o (abort)
/Users/davidricaud/.pico-sdk/toolchain/14_2_Rel1/bin/../lib/gcc/arm-none-eabi/14.2.1/../../../../arm-none-eabi/lib/thumb/v8-m.main+fp/softfp/libg.a(libc_a-atof.o)
                              CMakeFiles/Touchord.dir/amy/src/parse.c.o (atof)
/Users/davidricaud/.pico-sdk/toolchain/14_2_Rel1/bin/../lib/gcc/arm-none-eabi/14.2.1/../../../../arm-none-eabi/lib/thumb/v8-m.main+fp/softfp/libg.a(libc_a-atoi.o)
                              CMakeFiles/Touchord.dir/amy/src/parse.c.o (atoi)
/Users/davidricaud/.pico-sdk/toolchain/14_2_Rel1/bin/../lib/gcc/arm-none-eabi/14.2.1/../../../../arm-none-eabi/lib/thumb/v8-m.main+fp/softfp/libg.a(libc_a-atol.o)
                              CMakeFiles/Touchord.dir/amy/src/parse.c.o (atol)
/Users/davidricaud/.pico-sdk/toolchain/14_2_Rel1/bin/../lib/gcc/arm-none-eabi/14.2.1/../../../../arm-none-eabi/lib/thumb/v8-m.main+fp/softfp/libg.a(libc_a-calloc.o)
                              CMakeFiles/Touchord.dir/Users/davidricaud/.pico-sdk/sdk/2.2.0/src/rp2_common/pico_malloc/malloc.c.o (calloc)
/Users/davidricaud/.pico-sdk/toolchain/14_2_Rel1/bin/../lib/gcc/arm-none-eabi/14.2.1/../../../../arm-none-eabi/lib/thumb/v8-m.main+fp/softfp/libg.a(libc_a-callocr.o)
                              /Users/davidricaud/.pico-sdk/toolchain/14_2_Rel1/bin/../lib/gcc/arm-none-eabi/14.2.1/../../../../arm-none-eabi/lib/thumb/v8-m.main+fp/softfp/libg.a(libc_a-calloc.o) (_calloc_r)
/Users/davidricaud/.pico-sdk/toolchain/14_2_Rel1/bin/../lib/gcc/arm-none-eabi/14.2.1/../../../../arm-none-eabi/lib/thumb/v8-m.main+fp/softfp/libg.a(libc_a-itoa.o)
                              CMakeFiles/Touchord.dir/src/Modes/Settings.c.o (itoa)
/Users/davidricaud/.pico-sdk/toolchain/14_2_Rel1/bin/../lib/gcc/arm-none-eabi/14.2.1/../../../../arm-none-eabi/lib/thumb/v8-m.main+fp/softfp/libg.a(libc_a-malloc.o)
                              CMakeFiles/Touchord.dir/Users/davidricaud/.pico-sdk/sdk/2.2.0/src/rp2_common/pico_malloc/malloc.c.o (malloc)
/Users/davidricaud/.pico-sdk/toolchain/14_2_Rel1/bin/../lib/gcc/arm-none-eabi/14.2.1/../../../../arm-none-eabi/lib/thumb/v8-m.main+fp/softfp/libg.a(libc_a-mallocr.o)
                              /Users/davidricaud/.pico-sdk/toolchain/14_2_Rel1/bin/../lib/gcc/arm-none-eabi/14.2.1/../../../../arm-none-eabi/lib/thumb/v8-m.main+fp/softfp/libg.a(libc_a-callocr.o) (_malloc_r)
[...]
Memory Configuration

Name             Origin             Length             Attributes
FLASH            0x10000000         0x00400000         xr
RAM              0x20000000         0x00080000         xrw
SCRATCH_X        0x20080000         0x00001000         xrw
SCRATCH_Y        0x20081000         0x00001000         xrw
*default*        0x00000000         0xffffffff

Linker script and memory map

LOAD /Users/davidricaud/.pico-sdk/toolchain/14_2_Rel1/bin/../lib/gcc/arm-none-eabi/14.2.1/thumb/v8-m.main+fp/softfp/crti.o
LOAD /Users/davidricaud/.pico-sdk/toolchain/14_2_Rel1/bin/../lib/gcc/arm-none-eabi/14.2.1/thumb/v8-m.main+fp/softfp/crtbegin.o
LOAD /Users/davidricaud/.pico-sdk/toolchain/14_2_Rel1/bin/../lib/gcc/arm-none-eabi/14.2.1/../../../../arm-none-eabi/lib/thumb/v8-m.main+fp/softfp/crt0.o

.flash_begin    0x10000000        0x0
                0x10000000                        __flash_binary_start = .

.text           0x10000000    0x278a8
                0x10000000                        __logical_binary_start = .
 *(.vectors)
 .vectors       0x10000000      0x124 CMakeFiles/Touchord.dir/Users/davidricaud/.pico-sdk/sdk/2.2.0/src/rp2_common/pico_crt0/crt0.S.o
                0x10000000                __VECTOR_TABLE
                0x10000000                __vectors
                0x10000110                __unhandled_user_irq
                0x10000110                isr_irq49
                0x10000110                isr_irq13
                0x10000110                isr_irq43
                0x10000110                isr_irq45
                0x10000110                isr_irq27
                0x10000110                isr_irq32
                0x10000110                isr_irq31
                0x10000110                isr_irq5
                0x10000110                isr_irq11
                0x10000110                isr_irq23
                0x10000110                isr_usagefault
                0x10000110                isr_irq48
                0x10000110                isr_irq35
                0x10000110                isr_irq18
                0x10000110                isr_irq50
                0x10000110                isr_irq9
                0x10000110                isr_irq30
                0x10000110                isr_irq16
                0x10000110                isr_irq44
                0x10000110                isr_irq29
                0x10000110                isr_irq26
                0x10000110                isr_irq33
                0x10000110                isr_irq3
                0x10000110                isr_irq12
                0x10000110                isr_securefault
                0x10000110                isr_irq40
                0x10000110                isr_irq28
                0x10000110                isr_irq19
                0x10000110                isr_irq36
                0x10000110                isr_irq41
                0x10000110                isr_irq0
                0x10000110                isr_irq6
                0x10000110                isr_memmanage
                0x10000110                isr_irq37
                0x10000110                isr_irq42
                0x10000110                isr_irq22
                0x10000110                isr_irq17
                0x10000110                isr_irq38
                0x10000110                isr_irq14
                0x10000110                __vectors_end
                0x10000110                __default_isrs_start
                0x10000110                isr_irq2
                0x10000110                isr_irq10
                0x10000110                isr_irq8
                0x10000110                isr_debugmonitor
                0x10000110                isr_irq24
                0x10000110                isr_irq46
                0x10000110                isr_irq1
                0x10000110                isr_irq47
                0x10000110                isr_irq51
                0x10000110                isr_irq7
                0x10000110                isr_irq21
                0x10000110                isr_irq39
                0x10000110                isr_irq20
                0x10000110                isr_irq15
                0x10000110                isr_irq25
                0x10000110                isr_irq34
                0x10000110                isr_irq4
                0x10000110                isr_busfault
                0x10000116                unhandled_user_irq_num_in_r0
                0x10000118                isr_invalid
                0x1000011a                isr_nmi
                0x1000011c                isr_hardfault
                0x1000011e                isr_svcall
                0x10000120                isr_pendsv
                0x10000122                isr_systick
                0x10000124                __default_isrs_end
 *(.binary_info_header)
 .binary_info_header
                0x10000124       0x14 CMakeFiles/Touchord.dir/Users/davidricaud/.pico-sdk/sdk/2.2.0/src/rp2_common/pico_crt0/crt0.S.o
                0x10000138                        __binary_info_header_end = .
 *(.embedded_block)
 .embedded_block
                0x10000138       0x14 CMakeFiles/Touchord.dir/Users/davidricaud/.pico-sdk/sdk/2.2.0/src/rp2_common/pico_crt0/crt0.S.o
                0x1000014c                        __embedded_block_end = .
 *(.reset)
 .reset         0x1000014c       0x98 CMakeFiles/Touchord.dir/Users/davidricaud/.pico-sdk/sdk/2.2.0/src/rp2_common/pico_crt0/crt0.S.o
                0x1000014c                _entry_point
 *(.init)
 .init          0x100001e4        0x4 /Users/davidricaud/.pico-sdk/toolchain/14_2_Rel1/bin/../lib/gcc/arm-none-eabi/14.2.1/thumb/v8-m.main+fp/softfp/crti.o
                0x100001e4                _init
 SORT_BY_NAME(REVERSE(*libgcc.a:cmse_nonsecure_call.o))()
 *(EXCLUDE_FILE(*libm.a: *libc.a:*lib_a-mem*.o *libgcc.a:) .text*)
 .text.register_tm_clones
                0x100001e8       0x28 /Users/davidricaud/.pico-sdk/toolchain/14_2_Rel1/bin/../lib/gcc/arm-none-eabi/14.2.1/thumb/v8-m.main+fp/softfp/crtbegin.o
 .text.frame_dummy
                0x10000210       0x24 /Users/davidricaud/.pico-sdk/toolchain/14_2_Rel1/bin/../lib/gcc/arm-none-eabi/14.2.1/thumb/v8-m.main+fp/softfp/crtbegin.o
 .text.boot_status
                0x10000234       0xb0 CMakeFiles/Touchord.dir/src/Touchord.c.o
 .text.trill_writeto_mem.constprop.0.isra.0
                0x100002e4       0x4c CMakeFiles/Touchord.dir/src/Touchord.c.o
 .text.poll_buttons
                0x10000330      0x43c CMakeFiles/Touchord.dir/src/Touchord.c.o
                0x10000330                poll_buttons
 *fill*         0x1000076c        0x4 
 .text.poll_trill_bar
                0x10000770      0x21c CMakeFiles/Touchord.dir/src/Touchord.c.o
                0x10000770                poll_trill_bar
 .text.init_GPIO
                0x1000098c       0x84 CMakeFiles/Touchord.dir/src/Touchord.c.o
                0x1000098c                init_GPIO
 .text.init_i2c
                0x10000a10       0x3c CMakeFiles/Touchord.dir/src/Touchord.c.o
                0x10000a10                init_i2c
 .text.select_mode
                0x10000a4c       0x98 CMakeFiles/Touchord.dir/src/Touchord.c.o
                0x10000a4c                select_mode
 .text.serial_poll
                0x10000ae4       0x6c CMakeFiles/Touchord.dir/src/Touchord.c.o
                0x10000ae4                serial_poll
 .text.startup.main
                0x10000b50      0x4d8 CMakeFiles/Touchord.dir/src/Touchord.c.o
                0x10000b50                main
 .text.tud_mount_cb
                0x10001028       0x28 CMakeFiles/Touchord.dir/src/Touchord.c.o
                0x10001028                tud_mount_cb
 .text.tud_umount_cb
                0x10001050       0x24 CMakeFiles/Touchord.dir/src/Touchord.c.o
                0x10001050                tud_umount_cb
 .text.tud_suspend_cb
                0x10001074       0x28 CMakeFiles/Touchord.dir/src/Touchord.c.o
                0x10001074                tud_suspend_cb
 .text.tud_resume_cb
                0x1000109c       0x28 CMakeFiles/Touchord.dir/src/Touchord.c.o
                0x1000109c                tud_resume_cb
 .text.tc_debug_write_bytes_blocking.part.0
                0x100010c4       0x8c CMakeFiles/Touchord.dir/src/Debug.c.o
 .text.tc_debug_service_usb
                0x10001150       0x70 CMakeFiles/Touchord.dir/src/Debug.c.o
                0x10001150                tc_debug_service_usb
 .text.tc_debug_get_stage
                0x100011c0        0x8 CMakeFiles/Touchord.dir/src/Debug.c.o
                0x100011c0                tc_debug_get_stage
 .text.tc_debug_logf
                0x100011c8      0x1b8 CMakeFiles/Touchord.dir/src/Debug.c.o
                0x100011c8                tc_debug_logf
 .text.tc_debug_init
                0x10001380       0x34 CMakeFiles/Touchord.dir/src/Debug.c.o
                0x10001380                tc_debug_init
 .text.tc_debug_mark_usb_started
                0x100013b4       0x14 CMakeFiles/Touchord.dir/src/Debug.c.o
                0x100013b4                tc_debug_mark_usb_started
 .text.tc_debug_stage
                0x100013c8       0x7c CMakeFiles/Touchord.dir/src/Debug.c.o
                0x100013c8                tc_debug_stage
 .text.tc_debug_write_line
                0x10001444       0x84 CMakeFiles/Touchord.dir/src/Debug.c.o
                0x10001444                tc_debug_write_line
 .text.tc_debug_dump_log
                0x100014c8      0x224 CMakeFiles/Touchord.dir/src/Debug.c.o
                0x100014c8                tc_debug_dump_log
 .text.tud_descriptor_device_cb
                0x100016ec        0x8 CMakeFiles/Touchord.dir/src/usb_descriptors.c.o
                0x100016ec                tud_descriptor_device_cb
 .text.tud_descriptor_configuration_cb
                0x100016f4        0x8 CMakeFiles/Touchord.dir/src/usb_descriptors.c.o
                0x100016f4                tud_descriptor_configuration_cb
 .text.tud_descriptor_string_cb
                0x100016fc       0x68 CMakeFiles/Touchord.dir/src/usb_descriptors.c.o
                0x100016fc                tud_descriptor_string_cb
 .text.compose_update
                0x10001764        0x4 CMakeFiles/Touchord.dir/src/Modes/Compose.c.o
                0x10001764                compose_update
 .text.compose_key_up_independent
                0x10001768        0x4 CMakeFiles/Touchord.dir/src/Modes/Compose.c.o
                0x10001768                compose_key_up_independent
 .text.compose_trill_up
                0x1000176c       0x28 CMakeFiles/Touchord.dir/src/Modes/Compose.c.o
                0x1000176c                compose_trill_up
 .text.compose_draw
                0x10001794      0x114 CMakeFiles/Touchord.dir/src/Modes/Compose.c.o
                0x10001794                compose_draw
 .text.compose_key_down
                0x100018a8       0x80 CMakeFiles/Touchord.dir/src/Modes/Compose.c.o
                0x100018a8                compose_key_down
 .text.compose_button_down
                0x10001928       0x3c CMakeFiles/Touchord.dir/src/Modes/Compose.c.o
                0x10001928                compose_button_down
 .text.compose_key_up
                0x10001964       0x60 CMakeFiles/Touchord.dir/src/Modes/Compose.c.o
                0x10001964                compose_key_up
 .text.compose_trill_down
                0x100019c4      0x234 CMakeFiles/Touchord.dir/src/Modes/Compose.c.o
                0x100019c4                compose_trill_down
 .text.compose_button_up
                0x10001bf8        0x4 CMakeFiles/Touchord.dir/src/Modes/Compose.c.o
                0x10001bf8                compose_button_up
 .text.compose_button_double_down
                0x10001bfc        0x4 CMakeFiles/Touchord.dir/src/Modes/Compose.c.o
                0x10001bfc                compose_button_double_down
 .text.compose_start
                0x10001c00       0xac CMakeFiles/Touchord.dir/src/Modes/Compose.c.o
                0x10001c00                compose_start
 .text.compose_end
                0x10001cac       0x2c CMakeFiles/Touchord.dir/src/Modes/Compose.c.o
                0x10001cac                compose_end
 .text.strum_update
                0x10001cd8        0x4 CMakeFiles/Touchord.dir/src/Modes/Strum.c.o
                0x10001cd8                strum_update
 .text.strum_key_up
                0x10001cdc        0x4 CMakeFiles/Touchord.dir/src/Modes/Strum.c.o
                0x10001cdc                strum_key_up
 .text.strum_trill_down
                0x10001ce0       0xc0 CMakeFiles/Touchord.dir/src/Modes/Strum.c.o
                0x10001ce0                strum_trill_down
 .text.strum_trill_up
                0x10001da0       0x1c CMakeFiles/Touchord.dir/src/Modes/Strum.c.o
                0x10001da0                strum_trill_up
 .text.strum_draw
                0x10001dbc      0x114 CMakeFiles/Touchord.dir/src/Modes/Strum.c.o
                0x10001dbc                strum_draw
 .text.strum_key_down
                0x10001ed0       0x38 CMakeFiles/Touchord.dir/src/Modes/Strum.c.o
                0x10001ed0                strum_key_down
 .text.strum_button_double_down
                0x10001f08       0x2c CMakeFiles/Touchord.dir/src/Modes/Strum.c.o
                0x10001f08                strum_button_double_down
 .text.strum_button_down
                0x10001f34       0x98 CMakeFiles/Touchord.dir/src/Modes/Strum.c.o
                0x10001f34                strum_button_down
 .text.strum_button_up
                0x10001fcc        0x4 CMakeFiles/Touchord.dir/src/Modes/Strum.c.o
                0x10001fcc                strum_button_up
 .text.strum_key_up_independent
                0x10001fd0        0x4 CMakeFiles/Touchord.dir/src/Modes/Strum.c.o
                0x10001fd0                strum_key_up_independent
 .text.strum_start
                0x10001fd4       0x94 CMakeFiles/Touchord.dir/src/Modes/Strum.c.o
                0x10001fd4                strum_start
 .text.strum_end
                0x10002068       0x24 CMakeFiles/Touchord.dir/src/Modes/Strum.c.o
                0x10002068                strum_end
 .text.trigger_boot_sel
                0x1000208c        0xc CMakeFiles/Touchord.dir/src/Modes/Settings.c.o
                0x1000208c                trigger_boot_sel
 .text.settings_key_down
                0x10002098        0xc CMakeFiles/Touchord.dir/src/Modes/Settings.c.o
                0x10002098                settings_key_down
 .text.settings_key_up
                0x100020a4        0x4 CMakeFiles/Touchord.dir/src/Modes/Settings.c.o
                0x100020a4                settings_key_up
 .text.settings_button_down
                0x100020a8       0xf0 CMakeFiles/Touchord.dir/src/Modes/Settings.c.o
                0x100020a8                settings_button_down
 .text.settings_trill_down
                0x10002198      0x140 CMakeFiles/Touchord.dir/src/Modes/Settings.c.o
                0x10002198                settings_trill_down
 .text.settings_trill_up
                0x100022d8       0x10 CMakeFiles/Touchord.dir/src/Modes/Settings.c.o
                0x100022d8                settings_trill_up
 .text.trigger_midi_type
                0x100022e8       0x10 CMakeFiles/Touchord.dir/src/Modes/Settings.c.o
                0x100022e8                trigger_midi_type
 .text.trigger_custom_scale
                0x100022f8        0x4 CMakeFiles/Touchord.dir/src/Modes/Settings.c.o
                0x100022f8                trigger_custom_scale
 .text.trigger_factory_reset
                0x100022fc       0x2c CMakeFiles/Touchord.dir/src/Modes/Settings.c.o
                0x100022fc                trigger_factory_reset
 .text.trigger_output_mode
                0x10002328       0x10 CMakeFiles/Touchord.dir/src/Modes/Settings.c.o
                0x10002328                trigger_output_mode
 .text.settings_button_up
                0x10002338        0x4 CMakeFiles/Touchord.dir/src/Modes/Settings.c.o
                0x10002338                settings_button_up
 .text.settings_key_up_independent
                0x1000233c        0x4 CMakeFiles/Touchord.dir/src/Modes/Settings.c.o
                0x1000233c                settings_key_up_independent
 .text.settings_button_double_down
                0x10002340        0x4 CMakeFiles/Touchord.dir/src/Modes/Settings.c.o
                0x10002340                settings_button_double_down
 .text.settings_update
                0x10002344        0x4 CMakeFiles/Touchord.dir/src/Modes/Settings.c.o
                0x10002344                settings_update
 .text.settings_draw
                0x10002348      0x218 CMakeFiles/Touchord.dir/src/Modes/Settings.c.o
                0x10002348                settings_draw
 .text.settings_start
                0x10002560       0xb0 CMakeFiles/Touchord.dir/src/Modes/Settings.c.o
                0x10002560                settings_start
 .text.settings_end
                0x10002610        0x4 CMakeFiles/Touchord.dir/src/Modes/Settings.c.o
                0x10002610                settings_end
 .text.perform_update
                0x10002614        0x4 CMakeFiles/Touchord.dir/src/Modes/Perform.c.o
                0x10002614                perform_update
 .text.perform_key_up_independent
                0x10002618        0x4 CMakeFiles/Touchord.dir/src/Modes/Perform.c.o
                0x10002618                perform_key_up_independent
 .text.perform_trill_down
                0x1000261c       0x64 CMakeFiles/Touchord.dir/src/Modes/Perform.c.o
                0x1000261c                perform_trill_down
 .text.perform_draw
                0x10002680      0x114 CMakeFiles/Touchord.dir/src/Modes/Perform.c.o
                0x10002680                perform_draw
 .text.perform_key_down
                0x10002794       0x5c CMakeFiles/Touchord.dir/src/Modes/Perform.c.o
                0x10002794                perform_key_down
 .text.perform_key_up
                0x100027f0       0x48 CMakeFiles/Touchord.dir/src/Modes/Perform.c.o
                0x100027f0                perform_key_up
 .text.perform_button_down
                0x10002838       0x50 CMakeFiles/Touchord.dir/src/Modes/Perform.c.o
                0x10002838                perform_button_down
 .text.perform_trill_up
                0x10002888       0x44 CMakeFiles/Touchord.dir/src/Modes/Perform.c.o
                0x10002888                perform_trill_up
 .text.perform_button_up
                0x100028cc        0x4 CMakeFiles/Touchord.dir/src/Modes/Perform.c.o
                0x100028cc                perform_button_up
 .text.perform_button_double_down
                0x100028d0        0x4 CMakeFiles/Touchord.dir/src/Modes/Perform.c.o
                0x100028d0                perform_button_double_down
 .text.perform_start
                0x100028d4       0x94 CMakeFiles/Touchord.dir/src/Modes/Perform.c.o
                0x100028d4                perform_start
 .text.perform_end
                0x10002968       0x48 CMakeFiles/Touchord.dir/src/Modes/Perform.c.o
                0x10002968                perform_end
 .text.omni_update
                0x100029b0        0x4 CMakeFiles/Touchord.dir/src/Modes/Omni.c.o
                0x100029b0                omni_update
 .text.omni_key_up_independent
                0x100029b4        0x4 CMakeFiles/Touchord.dir/src/Modes/Omni.c.o
                0x100029b4                omni_key_up_independent
 .text.omni_key_up
                0x100029b8       0x34 CMakeFiles/Touchord.dir/src/Modes/Omni.c.o
                0x100029b8                omni_key_up
 .text.omni_trill_down
                0x100029ec      0x160 CMakeFiles/Touchord.dir/src/Modes/Omni.c.o
                0x100029ec                omni_trill_down
 .text.omni_trill_up
                0x10002b4c       0x34 CMakeFiles/Touchord.dir/src/Modes/Omni.c.o
                0x10002b4c                omni_trill_up
 .text.omni_draw
                0x10002b80      0x114 CMakeFiles/Touchord.dir/src/Modes/Omni.c.o
                0x10002b80                omni_draw
 .text.omni_key_down
                0x10002c94       0x8c CMakeFiles/Touchord.dir/src/Modes/Omni.c.o
                0x10002c94                omni_key_down
 .text.omni_button_down
                0x10002d20       0x50 CMakeFiles/Touchord.dir/src/Modes/Omni.c.o
                0x10002d20                omni_button_down
 .text.omni_button_double_down
                0x10002d70       0x30 CMakeFiles/Touchord.dir/src/Modes/Omni.c.o
                0x10002d70                omni_button_double_down
 .text.omni_button_up
                0x10002da0        0x4 CMakeFiles/Touchord.dir/src/Modes/Omni.c.o
                0x10002da0                omni_button_up
 .text.omni_start
                0x10002da4       0xa0 CMakeFiles/Touchord.dir/src/Modes/Omni.c.o
                0x10002da4                omni_start
 .text.omni_end
                0x10002e44       0x64 CMakeFiles/Touchord.dir/src/Modes/Omni.c.o
                0x10002e44                omni_end
 .text.drum_update
                0x10002ea8        0x4 CMakeFiles/Touchord.dir/src/Modes/Drum.c.o
                0x10002ea8                drum_update
 .text.drum_key_up
                0x10002eac        0x4 CMakeFiles/Touchord.dir/src/Modes/Drum.c.o
                0x10002eac                drum_key_up
 .text.drum_trill_down
                0x10002eb0       0x24 CMakeFiles/Touchord.dir/src/Modes/Drum.c.o
                0x10002eb0                drum_trill_down
 .text.drum_key_down
                0x10002ed4       0x38 CMakeFiles/Touchord.dir/src/Modes/Drum.c.o
                0x10002ed4                drum_key_down
 .text.drum_key_up_independent
                0x10002f0c       0x34 CMakeFiles/Touchord.dir/src/Modes/Drum.c.o
                0x10002f0c                drum_key_up_independent
 .text.drum_button_down
                0x10002f40       0x3c CMakeFiles/Touchord.dir/src/Modes/Drum.c.o
                0x10002f40                drum_button_down
 .text.drum_button_up
                0x10002f7c        0x4 CMakeFiles/Touchord.dir/src/Modes/Drum.c.o
                0x10002f7c                drum_button_up
 .text.drum_draw
                0x10002f80       0xcc CMakeFiles/Touchord.dir/src/Modes/Drum.c.o
                0x10002f80                drum_draw
 .text.drum_button_double_down
                0x1000304c        0x4 CMakeFiles/Touchord.dir/src/Modes/Drum.c.o
                0x1000304c                drum_button_double_down
 .text.drum_trill_up
                0x10003050        0x4 CMakeFiles/Touchord.dir/src/Modes/Drum.c.o
                0x10003050                drum_trill_up
 .text.drum_start
                0x10003054       0xa4 CMakeFiles/Touchord.dir/src/Modes/Drum.c.o
                0x10003054                drum_start
 .text.drum_end
                0x100030f8       0x20 CMakeFiles/Touchord.dir/src/Modes/Drum.c.o
                0x100030f8                drum_end
 .text.reload_custom_scales
                0x10003118       0x3c CMakeFiles/Touchord.dir/src/Notes/Note.c.o
                0x10003118                reload_custom_scales
 .text.build_chord
                0x10003154      0x404 CMakeFiles/Touchord.dir/src/Notes/Note.c.o
                0x10003154                build_chord
 .text.switch_midi_trs
                0x10003558       0x18 CMakeFiles/Touchord.dir/src/IO/Midi.c.o
                0x10003558                switch_midi_trs
 .text.setup_midi_trs
                0x10003570       0x78 CMakeFiles/Touchord.dir/src/IO/Midi.c.o
                0x10003570                setup_midi_trs
 .text.send_midi_note
                0x100035e8       0x6c CMakeFiles/Touchord.dir/src/IO/Midi.c.o
                0x100035e8                send_midi_note
 .text.send_midi_cc
                0x10003654       0x4c CMakeFiles/Touchord.dir/src/IO/Midi.c.o
                0x10003654                send_midi_cc
 .text.send_midi_all_notes_off
                0x100036a0       0x4c CMakeFiles/Touchord.dir/src/IO/Midi.c.o
                0x100036a0                send_midi_all_notes_off
 .text.tc_output_init
                0x100036ec        0x4 CMakeFiles/Touchord.dir/src/IO/Output.c.o
                0x100036ec                tc_output_init
 .text.tc_output_note
                0x100036f0       0x80 CMakeFiles/Touchord.dir/src/IO/Output.c.o
                0x100036f0                tc_output_note
 .text.tc_output_chord
                0x10003770      0x110 CMakeFiles/Touchord.dir/src/IO/Output.c.o
                0x10003770                tc_output_chord
 .text.tc_output_cc
                0x10003880       0x3c CMakeFiles/Touchord.dir/src/IO/Output.c.o
                0x10003880                tc_output_cc
 .text.tc_output_all_notes_off
                0x100038bc       0x10 CMakeFiles/Touchord.dir/src/IO/Output.c.o
                0x100038bc                tc_output_all_notes_off
 .text.tc_audio_init
                0x100038cc      0x214 CMakeFiles/Touchord.dir/src/Audio/Pcm5102Audio.c.o
                0x100038cc                tc_audio_init
 .text.tc_audio_write_blocking
                0x10003ae0      0x4e8 CMakeFiles/Touchord.dir/src/Audio/Pcm5102Audio.c.o
                0x10003ae0                tc_audio_write_blocking
 .text.tc_audio_get_status
                0x10003fc8       0x90 CMakeFiles/Touchord.dir/src/Audio/Pcm5102Audio.c.o
                0x10003fc8                tc_audio_get_status
 .text.tc_audio_set_left_lrclk_level
                0x10004058       0x1c CMakeFiles/Touchord.dir/src/Audio/Pcm5102Audio.c.o
                0x10004058                tc_audio_set_left_lrclk_level
 .text.tc_audio_set_i2s_delay
                0x10004074       0x18 CMakeFiles/Touchord.dir/src/Audio/Pcm5102Audio.c.o
                0x10004074                tc_audio_set_i2s_delay
 .text.tc_audio_set_pin_pair_swap
                0x1000408c       0x18 CMakeFiles/Touchord.dir/src/Audio/Pcm5102Audio.c.o
                0x1000408c                tc_audio_set_pin_pair_swap
 .text.tc_synth_noop_midi_input
                0x100040a4        0x4 CMakeFiles/Touchord.dir/src/Synth/AmyEngine.c.o
 .text.tc_synth_configure_touchord_synth
                0x100040a8       0xe8 CMakeFiles/Touchord.dir/src/Synth/AmyEngine.c.o
 .text.tc_synth_stop_voice
                0x10004190       0x30 CMakeFiles/Touchord.dir/src/Synth/AmyEngine.c.o
 .text.tc_synth_apply_pitch_bend
                0x100041c0       0x34 CMakeFiles/Touchord.dir/src/Synth/AmyEngine.c.o
 .text.tc_synth_play_note
                0x100041f4      0x174 CMakeFiles/Touchord.dir/src/Synth/AmyEngine.c.o
 .text.tc_synth_init
                0x10004368       0x2c CMakeFiles/Touchord.dir/src/Synth/AmyEngine.c.o
                0x10004368                tc_synth_init
 .text.tc_synth_audio_task
                0x10004394      0x334 CMakeFiles/Touchord.dir/src/Synth/AmyEngine.c.o
                0x10004394                tc_synth_audio_task
 .text.tc_synth_is_ready
                0x100046c8        0xc CMakeFiles/Touchord.dir/src/Synth/AmyEngine.c.o
                0x100046c8                tc_synth_is_ready
 .text.tc_synth_set_test_tone
                0x100046d4        0xc CMakeFiles/Touchord.dir/src/Synth/AmyEngine.c.o
                0x100046d4                tc_synth_set_test_tone
 .text.tc_synth_test_tone_enabled
                0x100046e0        0xc CMakeFiles/Touchord.dir/src/Synth/AmyEngine.c.o
                0x100046e0                tc_synth_test_tone_enabled
 .text.tc_synth_note_on
                0x100046ec       0x44 CMakeFiles/Touchord.dir/src/Synth/AmyEngine.c.o
                0x100046ec                tc_synth_note_on
 .text.tc_synth_note_off
                0x10004730       0x40 CMakeFiles/Touchord.dir/src/Synth/AmyEngine.c.o
                0x10004730                tc_synth_note_off
 .text.tc_synth_control_change
                0x10004770       0x44 CMakeFiles/Touchord.dir/src/Synth/AmyEngine.c.o
                0x10004770                tc_synth_control_change
 .text.tc_synth_all_notes_off
                0x100047b4       0x40 CMakeFiles/Touchord.dir/src/Synth/AmyEngine.c.o
                0x100047b4                tc_synth_all_notes_off
 .text.amy_platform_init
                0x100047f4        0x4 CMakeFiles/Touchord.dir/src/Synth/AmyPlatformStubs.c.o
                0x100047f4                amy_platform_init
 .text.amy_platform_deinit
                0x100047f8        0x4 CMakeFiles/Touchord.dir/src/Synth/AmyPlatformStubs.c.o
                0x100047f8                amy_platform_deinit
 .text.run_midi
                0x100047fc        0x4 CMakeFiles/Touchord.dir/src/Synth/AmyPlatformStubs.c.o
                0x100047fc                run_midi
 .text.stop_midi
                0x10004800        0x4 CMakeFiles/Touchord.dir/src/Synth/AmyPlatformStubs.c.o
                0x10004800                stop_midi
 .text.midi_out
                0x10004804        0x4 CMakeFiles/Touchord.dir/src/Synth/AmyPlatformStubs.c.o
                0x10004804                midi_out
 .text.amy_send_midi_note_on
                0x10004808        0x4 CMakeFiles/Touchord.dir/src/Synth/AmyPlatformStubs.c.o
                0x10004808                amy_send_midi_note_on
 .text.amy_send_midi_note_off
                0x1000480c        0x4 CMakeFiles/Touchord.dir/src/Synth/AmyPlatformStubs.c.o
                0x1000480c                amy_send_midi_note_off
 .text.touchord_settings_from_json
                0x10004810      0x1a4 CMakeFiles/Touchord.dir/src/Data/Parser.c.o
                0x10004810                touchord_settings_from_json
 .text.process_cmd
                0x100049b4      0x430 CMakeFiles/Touchord.dir/src/Data/Parser.c.o
                0x100049b4                process_cmd
 .text.parseString
                0x10004de4       0xac CMakeFiles/Touchord.dir/src/thirdparty/tiny-json.c.o
 .text.poolInit
                0x10004e90        0xc CMakeFiles/Touchord.dir/src/thirdparty/tiny-json.c.o
 .text.poolAlloc
                0x10004e9c       0x20 CMakeFiles/Touchord.dir/src/thirdparty/tiny-json.c.o
 .text.primitiveValue
                0x10004ebc       0x68 CMakeFiles/Touchord.dir/src/thirdparty/tiny-json.c.o
 .text.objValue.constprop.0
                0x10004f24      0x390 CMakeFiles/Touchord.dir/src/thirdparty/tiny-json.c.o
 .text.json_getProperty
                0x100052b4       0x20 CMakeFiles/Touchord.dir/src/thirdparty/tiny-json.c.o
                0x100052b4                json_getProperty
 .text.json_create
                0x100052d4       0x6c CMakeFiles/Touchord.dir/src/thirdparty/tiny-json.c.o
                0x100052d4                json_create
 .text.ssd1306_draw_char_with_font.part.0
                0x10005340      0x12c CMakeFiles/Touchord.dir/src/thirdparty/ssd1306.c.o
 .text.ssd1306_contrast
                0x1000546c       0x10 CMakeFiles/Touchord.dir/src/thirdparty/ssd1306.c.o
                0x1000546c                ssd1306_contrast
 .text.ssd1306_clear
                0x1000547c        0xc CMakeFiles/Touchord.dir/src/thirdparty/ssd1306.c.o
                0x1000547c                ssd1306_clear
 .text.ssd1306_draw_line
                0x10005488       0x9c CMakeFiles/Touchord.dir/src/thirdparty/ssd1306.c.o
                0x10005488                ssd1306_draw_line
 .text.ssd1306_draw_string_with_font
                0x10005524       0x48 CMakeFiles/Touchord.dir/src/thirdparty/ssd1306.c.o
                0x10005524                ssd1306_draw_string_with_font
 .text.ssd1306_draw_string
                0x1000556c       0x58 CMakeFiles/Touchord.dir/src/thirdparty/ssd1306.c.o
                0x1000556c                ssd1306_draw_string
 .text.ssd1306_show
                0x100055c4      0x1a8 CMakeFiles/Touchord.dir/src/thirdparty/ssd1306.c.o
                0x100055c4                ssd1306_show
 .text.ssd1306_init
                0x1000576c      0xa20 CMakeFiles/Touchord.dir/src/thirdparty/ssd1306.c.o
                0x1000576c                ssd1306_init
 .text.algo_note_off
                0x1000618c       0xc4 CMakeFiles/Touchord.dir/amy/src/algorithms.c.o
                0x1000618c                algo_note_off
 .text.algo_note_on
                0x10006250      0x2c0 CMakeFiles/Touchord.dir/amy/src/algorithms.c.o
                0x10006250                algo_note_on
 .text.algo_deinit
                0x10006510       0x2c CMakeFiles/Touchord.dir/amy/src/algorithms.c.o
                0x10006510                algo_deinit
 .text.algo_init
                0x1000653c       0x40 CMakeFiles/Touchord.dir/amy/src/algorithms.c.o
                0x1000653c                algo_init
 .text.render_algo
                0x1000657c      0x184 CMakeFiles/Touchord.dir/amy/src/algorithms.c.o
                0x1000657c                render_algo
 .text.deltas_add_pool_block.part.0
                0x10006700       0x20 CMakeFiles/Touchord.dir/amy/src/amy.c.o
 .text.amy_profiles_init
                0x10006720        0x4 CMakeFiles/Touchord.dir/amy/src/amy.c.o
                0x10006720                amy_profiles_init
 .text.malloc_caps
                0x10006724        0x4 CMakeFiles/Touchord.dir/amy/src/amy.c.o
                0x10006724                malloc_caps
 .text.config_echo
                0x10006728      0x1e0 CMakeFiles/Touchord.dir/amy/src/amy.c.o
                0x10006728                config_echo
 .text.alloc_chorus_delay_lines
                0x10006908       0x80 CMakeFiles/Touchord.dir/amy/src/amy.c.o
                0x10006908                alloc_chorus_delay_lines
 .text.peek_stack
                0x10006988        0x4 CMakeFiles/Touchord.dir/amy/src/amy.c.o
                0x10006988                peek_stack
 *fill*         0x1000698c        0x4 
 .text.global_init
                0x10006990       0xd0 CMakeFiles/Touchord.dir/amy/src/amy.c.o
                0x10006990                global_init
 .text.logfreq_of_freq
                0x10006a60       0x28 CMakeFiles/Touchord.dir/amy/src/amy.c.o
                0x10006a60                logfreq_of_freq
 .text.freq_of_logfreq
                0x10006a88       0x38 CMakeFiles/Touchord.dir/amy/src/amy.c.o
                0x10006a88                freq_of_logfreq
 .text.logfreq_for_midi_note
                0x10006ac0       0x20 CMakeFiles/Touchord.dir/amy/src/amy.c.o
                0x10006ac0                logfreq_for_midi_note
 .text.midi_note_for_logfreq
                0x10006ae0       0x1c CMakeFiles/Touchord.dir/amy/src/amy.c.o
                0x10006ae0                midi_note_for_logfreq
 .text.add_delta_to_queue
                0x10006afc       0xcc CMakeFiles/Touchord.dir/amy/src/amy.c.o
                0x10006afc                add_delta_to_queue
 .text.reset_osc_params
                0x10006bc8      0x11c CMakeFiles/Touchord.dir/amy/src/amy.c.o
                0x10006bc8                reset_osc_params
 .text.reset_osc_by_pointer
                0x10006ce4       0x70 CMakeFiles/Touchord.dir/amy/src/amy.c.o
                0x10006ce4                reset_osc_by_pointer
 .text.reset_osc
                0x10006d54       0x9c CMakeFiles/Touchord.dir/amy/src/amy.c.o
                0x10006d54                reset_osc
 .text.amy_deltas_reset
                0x10006df0       0x48 CMakeFiles/Touchord.dir/amy/src/amy.c.o
                0x10006df0                amy_deltas_reset
 .text.alloc_osc
                0x10006e38       0x80 CMakeFiles/Touchord.dir/amy/src/amy.c.o
                0x10006e38                alloc_osc
 .text.ensure_osc_allocd.constprop.0
                0x10006eb8       0x14 CMakeFiles/Touchord.dir/amy/src/amy.c.o
 .text.ensure_osc_allocd
                0x10006ecc      0x298 CMakeFiles/Touchord.dir/amy/src/amy.c.o
                0x10006ecc                ensure_osc_allocd
 .text.print_osc_debug
                0x10007164      0x440 CMakeFiles/Touchord.dir/amy/src/amy.c.o
                0x10007164                print_osc_debug
 .text.show_debug
                0x100075a4      0x200 CMakeFiles/Touchord.dir/amy/src/amy.c.o
                0x100075a4                show_debug
 .text.oscs_deinit
                0x100077a4      0x158 CMakeFiles/Touchord.dir/amy/src/amy.c.o
                0x100077a4                oscs_deinit
 .text.osc_note_on
                0x100078fc       0xa0 CMakeFiles/Touchord.dir/amy/src/amy.c.o
                0x100078fc                osc_note_on
 .text.config_chorus
                0x1000799c      0x168 CMakeFiles/Touchord.dir/amy/src/amy.c.o
                0x1000799c                config_chorus
 .text.amy_reset_oscs
                0x10007b04      0x114 CMakeFiles/Touchord.dir/amy/src/amy.c.o
                0x10007b04                amy_reset_oscs
 .text.oscs_init
                0x10007c18      0x204 CMakeFiles/Touchord.dir/amy/src/amy.c.o
                0x10007c18                oscs_init
 .text.alpha_to_portamento_ms
                0x10007e1c       0x2c CMakeFiles/Touchord.dir/amy/src/amy.c.o
                0x10007e1c                alpha_to_portamento_ms
 .text.play_delta
                0x10007e48      0xbac CMakeFiles/Touchord.dir/amy/src/amy.c.o
                0x10007e48                play_delta
 .text.amy_event_to_deltas_queue
                0x100089f4      0xab8 CMakeFiles/Touchord.dir/amy/src/amy.c.o
                0x100089f4                amy_event_to_deltas_queue
 .text.hold_and_modify
                0x100094ac      0x934 CMakeFiles/Touchord.dir/amy/src/amy.c.o
                0x100094ac                hold_and_modify
 .text.mix_with_pan
                0x10009de0      0x150 CMakeFiles/Touchord.dir/amy/src/amy.c.o
                0x10009de0                mix_with_pan
 .text.render_osc_wave
                0x10009f30      0x470 CMakeFiles/Touchord.dir/amy/src/amy.c.o
                0x10009f30                render_osc_wave
 .text.amy_render
                0x1000a3a0      0x230 CMakeFiles/Touchord.dir/amy/src/amy.c.o
                0x1000a3a0                amy_render
 .text.amy_execute_deltas
                0x1000a5d0       0x70 CMakeFiles/Touchord.dir/amy/src/amy.c.o
                0x1000a5d0                amy_execute_deltas
 .text.amy_process_event
                0x1000a640       0x70 CMakeFiles/Touchord.dir/amy/src/amy.c.o
                0x1000a640                amy_process_event
 .text.amy_fill_buffer
                0x1000a6b0      0x304 CMakeFiles/Touchord.dir/amy/src/amy.c.o
                0x1000a6b0                amy_fill_buffer
 .text.amy_reset_sysclock
                0x1000a9b4       0x1c CMakeFiles/Touchord.dir/amy/src/amy.c.o
                0x1000a9b4                amy_reset_sysclock
 .text.delta_release_list
                0x1000a9d0       0x38 CMakeFiles/Touchord.dir/amy/src/amy.c.o
                0x1000a9d0                delta_release_list
 .text.delta_list_len
                0x1000aa08       0x14 CMakeFiles/Touchord.dir/amy/src/amy.c.o
                0x1000aa08                delta_list_len
 .text.amy_default_config
                0x1000aa1c       0x80 CMakeFiles/Touchord.dir/amy/src/api.c.o
                0x1000aa1c                amy_default_config
 .text.amy_default_event
                0x1000aa9c      0x170 CMakeFiles/Touchord.dir/amy/src/api.c.o
                0x1000aa9c                amy_default_event
 .text.amy_clear_event
                0x1000ac0c      0x194 CMakeFiles/Touchord.dir/amy/src/api.c.o
                0x1000ac0c                amy_clear_event
 .text.amy_simple_fill_buffer
                0x1000ada0       0x20 CMakeFiles/Touchord.dir/amy/src/api.c.o
                0x1000ada0                amy_simple_fill_buffer
 .text.amy_sysclock
                0x1000adc0       0x38 CMakeFiles/Touchord.dir/amy/src/api.c.o
                0x1000adc0                amy_sysclock
 .text.amy_add_message
                0x1000adf8      0x1e8 CMakeFiles/Touchord.dir/amy/src/api.c.o
                0x1000adf8                amy_add_message
 .text.amy_add_event
                0x1000afe0       0x30 CMakeFiles/Touchord.dir/amy/src/api.c.o
                0x1000afe0                amy_add_event
 .text.amy_default_synths
                0x1000b010      0x800 CMakeFiles/Touchord.dir/amy/src/api.c.o
                0x1000b010                amy_default_synths
 .text.amy_bleep
                0x1000b810      0x248 CMakeFiles/Touchord.dir/amy/src/api.c.o
                0x1000b810                amy_bleep
 .text.amy_bleep_synth
                0x1000ba58      0x238 CMakeFiles/Touchord.dir/amy/src/api.c.o
                0x1000ba58                amy_bleep_synth
 .text.amy_start
                0x1000bc90       0x88 CMakeFiles/Touchord.dir/amy/src/api.c.o
                0x1000bc90                amy_start
 .text.amy_stop
                0x1000bd18       0x14 CMakeFiles/Touchord.dir/amy/src/api.c.o
                0x1000bd18                amy_stop
 .text.custom_init
                0x1000bd2c       0x10 CMakeFiles/Touchord.dir/amy/src/custom.c.o
                0x1000bd2c                custom_init
 .text.custom_deinit
                0x1000bd3c       0x10 CMakeFiles/Touchord.dir/amy/src/custom.c.o
                0x1000bd3c                custom_deinit
 .text.custom_note_on
                0x1000bd4c        0xc CMakeFiles/Touchord.dir/amy/src/custom.c.o
                0x1000bd4c                custom_note_on
 .text.custom_note_off
                0x1000bd58        0xc CMakeFiles/Touchord.dir/amy/src/custom.c.o
                0x1000bd58                custom_note_off
 .text.custom_mod_trigger
                0x1000bd64        0xc CMakeFiles/Touchord.dir/amy/src/custom.c.o
                0x1000bd64                custom_mod_trigger
 .text.render_custom
                0x1000bd70        0xc CMakeFiles/Touchord.dir/amy/src/custom.c.o
                0x1000bd70                render_custom
 .text.compute_mod_custom
                0x1000bd7c        0xc CMakeFiles/Touchord.dir/amy/src/custom.c.o
                0x1000bd7c                compute_mod_custom
 .text.new_delay_line.constprop.0
                0x1000bd88       0x4c CMakeFiles/Touchord.dir/amy/src/delay.c.o
 .text.new_delay_line.constprop.1
                0x1000bdd4       0x4c CMakeFiles/Touchord.dir/amy/src/delay.c.o
 .text.new_delay_line.constprop.2
                0x1000be20       0x4c CMakeFiles/Touchord.dir/amy/src/delay.c.o
 .text.new_delay_line
                0x1000be6c       0x80 CMakeFiles/Touchord.dir/amy/src/delay.c.o
                0x1000be6c                new_delay_line
 .text.free_delay_line
                0x1000beec        0x4 CMakeFiles/Touchord.dir/amy/src/delay.c.o
                0x1000beec                free_delay_line
 .text.apply_variable_delay
                0x1000bef0       0xc0 CMakeFiles/Touchord.dir/amy/src/delay.c.o
                0x1000bef0                apply_variable_delay
 .text.apply_fixed_delay
                0x1000bfb0      0x160 CMakeFiles/Touchord.dir/amy/src/delay.c.o
                0x1000bfb0                apply_fixed_delay
 .text.config_stereo_reverb
                0x1000c110       0x6c CMakeFiles/Touchord.dir/amy/src/delay.c.o
                0x1000c110                config_stereo_reverb
 .text.init_stereo_reverb
                0x1000c17c      0x100 CMakeFiles/Touchord.dir/amy/src/delay.c.o
                0x1000c17c                init_stereo_reverb
 .text.stereo_reverb
                0x1000c27c      0x49c CMakeFiles/Touchord.dir/amy/src/delay.c.o
                0x1000c27c                stereo_reverb
 .text.compute_mod_value
                0x1000c718       0xe8 CMakeFiles/Touchord.dir/amy/src/envelope.c.o
                0x1000c718                compute_mod_value
 .text.compute_mod_scale
                0x1000c800       0x34 CMakeFiles/Touchord.dir/amy/src/envelope.c.o
                0x1000c800                compute_mod_scale
 .text.compute_breakpoint_scale
                0x1000c834      0x5a4 CMakeFiles/Touchord.dir/amy/src/envelope.c.o
                0x1000c834                compute_breakpoint_scale
 .text.dsps_sqrtf_f32_ansi
                0x1000cdd8        0xc CMakeFiles/Touchord.dir/amy/src/filters.c.o
                0x1000cdd8                dsps_sqrtf_f32_ansi
 *fill*         0x1000cde4        0x4 
 .text.dsps_biquad_gen_lpf_f32
                0x1000cde8      0x15c CMakeFiles/Touchord.dir/amy/src/filters.c.o
                0x1000cde8                dsps_biquad_gen_lpf_f32
 .text.scan_max
                0x1000cf44       0x2c CMakeFiles/Touchord.dir/amy/src/filters.c.o
                0x1000cf44                scan_max
 .text.filters_deinit
                0x1000cf70       0x6c CMakeFiles/Touchord.dir/amy/src/filters.c.o
                0x1000cf70                filters_deinit
 .text.filters_init
                0x1000cfdc      0x144 CMakeFiles/Touchord.dir/amy/src/filters.c.o
                0x1000cfdc                filters_init
 .text.parametric_eq_process_top16block
                0x1000d120      0x700 CMakeFiles/Touchord.dir/amy/src/filters.c.o
                0x1000d120                parametric_eq_process_top16block
 .text.parametric_eq_process
                0x1000d820        0x4 CMakeFiles/Touchord.dir/amy/src/filters.c.o
                0x1000d820                parametric_eq_process
 *fill*         0x1000d824        0x4 
 .text.filter_process
                0x1000d828      0xafc CMakeFiles/Touchord.dir/amy/src/filters.c.o
                0x1000d828                filter_process
 .text.reset_filter
                0x1000e324       0x24 CMakeFiles/Touchord.dir/amy/src/filters.c.o
                0x1000e324                reset_filter
 .text.reset_parametric
                0x1000e348       0x50 CMakeFiles/Touchord.dir/amy/src/filters.c.o
                0x1000e348                reset_parametric
 .text.instrument_init
                0x1000e398      0x124 CMakeFiles/Touchord.dir/amy/src/instrument.c.o
                0x1000e398                instrument_init
 .text._instrument_voice_off
                0x1000e4bc      0x100 CMakeFiles/Touchord.dir/amy/src/instrument.c.o
                0x1000e4bc                _instrument_voice_off
 .text._instrument_all_notes_off
                0x1000e5bc      0x14c CMakeFiles/Touchord.dir/amy/src/instrument.c.o
                0x1000e5bc                _instrument_all_notes_off
 .text.instrument_note_on
                0x1000e708      0x148 CMakeFiles/Touchord.dir/amy/src/instrument.c.o
                0x1000e708                instrument_note_on
 .text.instruments_deinit
                0x1000e850       0x64 CMakeFiles/Touchord.dir/amy/src/instrument.c.o
                0x1000e850                instruments_deinit
 .text.instruments_init
                0x1000e8b4       0x68 CMakeFiles/Touchord.dir/amy/src/instrument.c.o
                0x1000e8b4                instruments_init
 .text.instruments_reset
                0x1000e91c       0x54 CMakeFiles/Touchord.dir/amy/src/instrument.c.o
                0x1000e91c                instruments_reset
 .text.instruments_max_instruments
                0x1000e970        0xc CMakeFiles/Touchord.dir/amy/src/instrument.c.o
                0x1000e970                instruments_max_instruments
 .text.instrument_release
                0x1000e97c       0x40 CMakeFiles/Touchord.dir/amy/src/instrument.c.o
                0x1000e97c                instrument_release
 .text.instrument_number_exists
                0x1000e9bc       0x64 CMakeFiles/Touchord.dir/amy/src/instrument.c.o
                0x1000e9bc                instrument_number_exists
 .text.instrument_add_new
                0x1000ea20       0xa0 CMakeFiles/Touchord.dir/amy/src/instrument.c.o
                0x1000ea20                instrument_add_new
 .text.instrument_change_number
                0x1000eac0       0x94 CMakeFiles/Touchord.dir/amy/src/instrument.c.o
                0x1000eac0                instrument_change_number
 .text.instrument_get_num_voices
                0x1000eb54      0x118 CMakeFiles/Touchord.dir/amy/src/instrument.c.o
                0x1000eb54                instrument_get_num_voices
 .text.instrument_voice_for_note_event
                0x1000ec6c       0xc0 CMakeFiles/Touchord.dir/amy/src/instrument.c.o
                0x1000ec6c                instrument_voice_for_note_event
 .text.instrument_all_notes_off
                0x1000ed2c       0x68 CMakeFiles/Touchord.dir/amy/src/instrument.c.o
                0x1000ed2c                instrument_all_notes_off
 .text.instrument_sustain
                0x1000ed94       0xc4 CMakeFiles/Touchord.dir/amy/src/instrument.c.o
                0x1000ed94                instrument_sustain
 .text.instrument_get_patch_number
                0x1000ee58       0x60 CMakeFiles/Touchord.dir/amy/src/instrument.c.o
                0x1000ee58                instrument_get_patch_number
 .text.instrument_get_oscs_per_voice
                0x1000eeb8       0x60 CMakeFiles/Touchord.dir/amy/src/instrument.c.o
                0x1000eeb8                instrument_get_oscs_per_voice
 .text.instrument_get_flags
                0x1000ef18       0x60 CMakeFiles/Touchord.dir/amy/src/instrument.c.o
                0x1000ef18                instrument_get_flags
 .text.instrument_noteon_delay_ms
                0x1000ef78       0x60 CMakeFiles/Touchord.dir/amy/src/instrument.c.o
                0x1000ef78                instrument_noteon_delay_ms
 .text.instrument_set_noteon_delay_ms
                0x1000efd8       0x5c CMakeFiles/Touchord.dir/amy/src/instrument.c.o
                0x1000efd8                instrument_set_noteon_delay_ms
 .text.instrument_set_grab_midi_notes
                0x1000f034       0x5c CMakeFiles/Touchord.dir/amy/src/instrument.c.o
                0x1000f034                instrument_set_grab_midi_notes
 .text.partials_note_on
                0x1000f090       0x98 CMakeFiles/Touchord.dir/amy/src/interp_partials.c.o
                0x1000f090                partials_note_on
 .text.partials_note_off
                0x1000f128       0x4c CMakeFiles/Touchord.dir/amy/src/interp_partials.c.o
                0x1000f128                partials_note_off
 .text.render_partials
                0x1000f174       0xc8 CMakeFiles/Touchord.dir/amy/src/interp_partials.c.o
                0x1000f174                render_partials
 *fill*         0x1000f23c        0x4 
 .text._osc_on_with_harm_param
                0x1000f240      0x168 CMakeFiles/Touchord.dir/amy/src/interp_partials.c.o
                0x1000f240                _osc_on_with_harm_param
 .text.interp_partials_note_on
                0x1000f3a8      0x398 CMakeFiles/Touchord.dir/amy/src/interp_partials.c.o
                0x1000f3a8                interp_partials_note_on
 .text.interp_partials_note_off
                0x1000f740       0x64 CMakeFiles/Touchord.dir/amy/src/interp_partials.c.o
                0x1000f740                interp_partials_note_off
 .text.log2_lut
                0x1000f7a4       0x5c CMakeFiles/Touchord.dir/amy/src/log2_exp2.c.o
                0x1000f7a4                log2_lut
 .text.exp2_lut
                0x1000f800       0x40 CMakeFiles/Touchord.dir/amy/src/log2_exp2.c.o
                0x1000f800                exp2_lut
 .text.juno_filter_midi_handler
                0x1000f840       0xac CMakeFiles/Touchord.dir/amy/src/midi_mappings.c.o
                0x1000f840                juno_filter_midi_handler
 .text.cc_mapping_debug
                0x1000f8ec       0x78 CMakeFiles/Touchord.dir/amy/src/midi_mappings.c.o
                0x1000f8ec                cc_mapping_debug
 .text.midi_mappings_init
                0x1000f964        0xc CMakeFiles/Touchord.dir/amy/src/midi_mappings.c.o
                0x1000f964                midi_mappings_init
 .text.midi_mappings_deinit
                0x1000f970       0x1c CMakeFiles/Touchord.dir/amy/src/midi_mappings.c.o
                0x1000f970                midi_mappings_deinit
 .text.midi_clear_channel_mappings
                0x1000f98c       0x34 CMakeFiles/Touchord.dir/amy/src/midi_mappings.c.o
                0x1000f98c                midi_clear_channel_mappings
 .text.midi_clear_control_code
                0x1000f9c0       0x6c CMakeFiles/Touchord.dir/amy/src/midi_mappings.c.o
                0x1000f9c0                midi_clear_control_code
 .text.midi_store_control_code
                0x1000fa2c       0xc4 CMakeFiles/Touchord.dir/amy/src/midi_mappings.c.o
                0x1000fa2c                midi_store_control_code
 .text.midi_fetch_control_code_command
                0x1000faf0       0x78 CMakeFiles/Touchord.dir/amy/src/midi_mappings.c.o
                0x1000faf0                midi_fetch_control_code_command
 .text.substitute_cc_special_values
                0x1000fb68       0xe4 CMakeFiles/Touchord.dir/amy/src/midi_mappings.c.o
                0x1000fb68                substitute_cc_special_values
 .text.midi_cc_handler
                0x1000fc4c       0xd8 CMakeFiles/Touchord.dir/amy/src/midi_mappings.c.o
                0x1000fc4c                midi_cc_handler
 .text.render_lut_fm_fb
                0x1000fd24       0xf0 CMakeFiles/Touchord.dir/amy/src/oscillators.c.o
                0x1000fd24                render_lut_fm_fb
 .text.render_lut_fb
                0x1000fe14       0xe4 CMakeFiles/Touchord.dir/amy/src/oscillators.c.o
                0x1000fe14                render_lut_fb
 .text.render_lut_fm
                0x1000fef8       0xb4 CMakeFiles/Touchord.dir/amy/src/oscillators.c.o
                0x1000fef8                render_lut_fm
 .text.render_lut
                0x1000ffac       0x9c CMakeFiles/Touchord.dir/amy/src/oscillators.c.o
                0x1000ffac                render_lut
 .text.render_lut_cub
                0x10010048      0x108 CMakeFiles/Touchord.dir/amy/src/oscillators.c.o
                0x10010048                render_lut_cub
 .text.audio_in_note_on
                0x10010150        0x4 CMakeFiles/Touchord.dir/amy/src/oscillators.c.o
                0x10010150                audio_in_note_on
 .text.external_audio_in_note_on
                0x10010154        0x4 CMakeFiles/Touchord.dir/amy/src/oscillators.c.o
                0x10010154                external_audio_in_note_on
 .text.render_audio_in
                0x10010158       0x58 CMakeFiles/Touchord.dir/amy/src/oscillators.c.o
                0x10010158                render_audio_in
 .text.render_external_audio_in
                0x100101b0       0x58 CMakeFiles/Touchord.dir/amy/src/oscillators.c.o
                0x100101b0                render_external_audio_in
 .text.pulse_note_on
                0x10010208       0x94 CMakeFiles/Touchord.dir/amy/src/oscillators.c.o
                0x10010208                pulse_note_on
 .text.render_pulse
                0x1001029c      0x15c CMakeFiles/Touchord.dir/amy/src/oscillators.c.o
                0x1001029c                render_pulse
 .text.pulse_mod_trigger
                0x100103f8        0x4 CMakeFiles/Touchord.dir/amy/src/oscillators.c.o
                0x100103f8                pulse_mod_trigger
 *fill*         0x100103fc        0x4 
 .text.compute_mod_pulse
                0x10010400      0x100 CMakeFiles/Touchord.dir/amy/src/oscillators.c.o
                0x10010400                compute_mod_pulse
 .text.saw_down_note_on
                0x10010500       0x94 CMakeFiles/Touchord.dir/amy/src/oscillators.c.o
                0x10010500                saw_down_note_on
 *fill*         0x10010594        0x4 
 .text.saw_up_note_on
                0x10010598       0x94 CMakeFiles/Touchord.dir/amy/src/oscillators.c.o
                0x10010598                saw_up_note_on
 .text.render_saw_down
                0x1001062c       0xb0 CMakeFiles/Touchord.dir/amy/src/oscillators.c.o
                0x1001062c                render_saw_down
 .text.render_saw_up
                0x100106dc       0xa8 CMakeFiles/Touchord.dir/amy/src/oscillators.c.o
                0x100106dc                render_saw_up
 .text.saw_up_mod_trigger
                0x10010784        0x4 CMakeFiles/Touchord.dir/amy/src/oscillators.c.o
                0x10010784                saw_up_mod_trigger
 .text.saw_down_mod_trigger
                0x10010788        0x4 CMakeFiles/Touchord.dir/amy/src/oscillators.c.o
                0x10010788                saw_down_mod_trigger
 .text.compute_mod_saw_down
                0x1001078c       0x94 CMakeFiles/Touchord.dir/amy/src/oscillators.c.o
                0x1001078c                compute_mod_saw_down
 .text.compute_mod_saw_up
                0x10010820       0x90 CMakeFiles/Touchord.dir/amy/src/oscillators.c.o
                0x10010820                compute_mod_saw_up
 .text.triangle_note_on
                0x100108b0       0x94 CMakeFiles/Touchord.dir/amy/src/oscillators.c.o
                0x100108b0                triangle_note_on
 .text.render_triangle
                0x10010944       0xa8 CMakeFiles/Touchord.dir/amy/src/oscillators.c.o
                0x10010944                render_triangle
 .text.triangle_mod_trigger
                0x100109ec        0x4 CMakeFiles/Touchord.dir/amy/src/oscillators.c.o
                0x100109ec                triangle_mod_trigger
 .text.compute_mod_triangle
                0x100109f0       0x9c CMakeFiles/Touchord.dir/amy/src/oscillators.c.o
                0x100109f0                compute_mod_triangle
 *fill*         0x10010a8c        0x4 
 .text.fm_sine_note_on
                0x10010a90       0xd0 CMakeFiles/Touchord.dir/amy/src/oscillators.c.o
                0x10010a90                fm_sine_note_on
 .text.render_fm_sine
                0x10010b60      0x13c CMakeFiles/Touchord.dir/amy/src/oscillators.c.o
                0x10010b60                render_fm_sine
 *fill*         0x10010c9c        0x4 
 .text.sine_note_on
                0x10010ca0       0x94 CMakeFiles/Touchord.dir/amy/src/oscillators.c.o
                0x10010ca0                sine_note_on
 .text.render_sine
                0x10010d34       0xa8 CMakeFiles/Touchord.dir/amy/src/oscillators.c.o
                0x10010d34                render_sine
 .text.compute_mod_sine
                0x10010ddc       0xc0 CMakeFiles/Touchord.dir/amy/src/oscillators.c.o
                0x10010ddc                compute_mod_sine
 *fill*         0x10010e9c        0x4 
 .text.sine_mod_trigger
                0x10010ea0       0xa8 CMakeFiles/Touchord.dir/amy/src/oscillators.c.o
                0x10010ea0                sine_mod_trigger
 .text.my_srand48
                0x10010f48       0x10 CMakeFiles/Touchord.dir/amy/src/oscillators.c.o
                0x10010f48                my_srand48
 .text.noise_note_on
                0x10010f58       0x14 CMakeFiles/Touchord.dir/amy/src/oscillators.c.o
                0x10010f58                noise_note_on
 .text.render_noise
                0x10010f6c       0xb4 CMakeFiles/Touchord.dir/amy/src/oscillators.c.o
                0x10010f6c                render_noise
 .text.compute_mod_noise
                0x10011020       0xd8 CMakeFiles/Touchord.dir/amy/src/oscillators.c.o
                0x10011020                compute_mod_noise
 .text.render_envelope
                0x100110f8       0x68 CMakeFiles/Touchord.dir/amy/src/oscillators.c.o
                0x100110f8                render_envelope
 .text.render_partial
                0x10011160       0xa8 CMakeFiles/Touchord.dir/amy/src/oscillators.c.o
                0x10011160                render_partial
 .text.partial_note_on
                0x10011208       0xa8 CMakeFiles/Touchord.dir/amy/src/oscillators.c.o
                0x10011208                partial_note_on
 .text.render_ks
                0x100112b0      0x18c CMakeFiles/Touchord.dir/amy/src/oscillators.c.o
                0x100112b0                render_ks
 .text.ks_note_on
                0x1001143c       0xec CMakeFiles/Touchord.dir/amy/src/oscillators.c.o
                0x1001143c                ks_note_on
 .text.ks_note_off
                0x10011528       0x14 CMakeFiles/Touchord.dir/amy/src/oscillators.c.o
                0x10011528                ks_note_off
 .text.ks_init  0x1001153c       0x3c CMakeFiles/Touchord.dir/amy/src/oscillators.c.o
                0x1001153c                ks_init
 .text.ks_deinit
                0x10011578       0x3c CMakeFiles/Touchord.dir/amy/src/oscillators.c.o
                0x10011578                ks_deinit
 .text.parse_list_uint32_t.constprop.0.isra.0
                0x100115b4       0xc0 CMakeFiles/Touchord.dir/amy/src/parse.c.o
 .text.atoff    0x10011674       0xbc CMakeFiles/Touchord.dir/amy/src/parse.c.o
                0x10011674                atoff
 .text.parse_event_breakpoints
                0x10011730      0x2e4 CMakeFiles/Touchord.dir/amy/src/parse.c.o
 .text.parse_list_file_params
                0x10011a14       0xf0 CMakeFiles/Touchord.dir/amy/src/parse.c.o
                0x10011a14                parse_list_file_params
 .text.parse_list_file_transfer_params
                0x10011b04       0xcc CMakeFiles/Touchord.dir/amy/src/parse.c.o
                0x10011b04                parse_list_file_transfer_params
 .text.parse_algo_source
                0x10011bd0      0x154 CMakeFiles/Touchord.dir/amy/src/parse.c.o
                0x10011bd0                parse_algo_source
 .text.parse_voices
                0x10011d24       0xdc CMakeFiles/Touchord.dir/amy/src/parse.c.o
                0x10011d24                parse_voices
 .text.ms_to_samples
                0x10011e00       0x3c CMakeFiles/Touchord.dir/amy/src/parse.c.o
                0x10011e00                ms_to_samples
 .text.parse_coef_message
                0x10011e3c      0x180 CMakeFiles/Touchord.dir/amy/src/parse.c.o
                0x10011e3c                parse_coef_message
 .text.parse_midi_cc_payload
                0x10011fbc       0x98 CMakeFiles/Touchord.dir/amy/src/parse.c.o
                0x10011fbc                parse_midi_cc_payload
 .text.amy_parse_synth_layer_message
                0x10012054      0x138 CMakeFiles/Touchord.dir/amy/src/parse.c.o
                0x10012054                amy_parse_synth_layer_message
 .text.amy_parse_transfer_layer_message
                0x1001218c      0x2a4 CMakeFiles/Touchord.dir/amy/src/parse.c.o
                0x1001218c                amy_parse_transfer_layer_message
 .text.amy_parse_message
                0x10012430      0xa6c CMakeFiles/Touchord.dir/amy/src/parse.c.o
                0x10012430                amy_parse_message
 .text.patches_deinit
                0x10012e9c       0x2c CMakeFiles/Touchord.dir/amy/src/patches.c.o
                0x10012e9c                patches_deinit
 .text.patches_reset_patch
                0x10012ec8       0x6c CMakeFiles/Touchord.dir/amy/src/patches.c.o
                0x10012ec8                patches_reset_patch
 .text.patches_reset
                0x10012f34       0xc4 CMakeFiles/Touchord.dir/amy/src/patches.c.o
                0x10012f34                patches_reset
 .text.patches_init
                0x10012ff8       0x6c CMakeFiles/Touchord.dir/amy/src/patches.c.o
                0x10012ff8                patches_init
 .text.patches_debug
                0x10013064      0x1c4 CMakeFiles/Touchord.dir/amy/src/patches.c.o
                0x10013064                patches_debug
 .text.queue_for_patch_number
                0x10013228       0x4c CMakeFiles/Touchord.dir/amy/src/patches.c.o
                0x10013228                queue_for_patch_number
 .text.update_num_oscs_for_patch_number
                0x10013274       0x6c CMakeFiles/Touchord.dir/amy/src/patches.c.o
                0x10013274                update_num_oscs_for_patch_number
 .text.all_notes_off
                0x100132e0       0x4c CMakeFiles/Touchord.dir/amy/src/patches.c.o
                0x100132e0                all_notes_off
 .text.sprint_event
                0x1001332c     0x1d70 CMakeFiles/Touchord.dir/amy/src/patches.c.o
                0x1001332c                sprint_event
 .text.set_event_for_osc
                0x1001509c      0x6d0 CMakeFiles/Touchord.dir/amy/src/patches.c.o
                0x1001509c                set_event_for_osc
 .text.set_event_for_global_fx
                0x1001576c      0x150 CMakeFiles/Touchord.dir/amy/src/patches.c.o
                0x1001576c                set_event_for_global_fx
 .text.yield_synth_events
                0x100158bc      0x130 CMakeFiles/Touchord.dir/amy/src/patches.c.o
                0x100158bc                yield_synth_events
 .text.yield_synth_commands
                0x100159ec       0x8c CMakeFiles/Touchord.dir/amy/src/patches.c.o
                0x100159ec                yield_synth_commands
 .text.parse_patch_string_to_queue
                0x10015a78       0x78 CMakeFiles/Touchord.dir/amy/src/patches.c.o
                0x10015a78                parse_patch_string_to_queue
 .text.patches_store_patch
                0x10015af0       0xe4 CMakeFiles/Touchord.dir/amy/src/patches.c.o
                0x10015af0                patches_store_patch
 .text.patches_voices_for_note_onoff_event
                0x10015bd4      0x114 CMakeFiles/Touchord.dir/amy/src/patches.c.o
                0x10015bd4                patches_voices_for_note_onoff_event
 .text.patches_voices_for_event
                0x10015ce8      0x1dc CMakeFiles/Touchord.dir/amy/src/patches.c.o
                0x10015ce8                patches_voices_for_event
 .text.patches_event_has_voices
                0x10015ec4       0x64 CMakeFiles/Touchord.dir/amy/src/patches.c.o
                0x10015ec4                patches_event_has_voices
 .text.patches_voices_for_load_synth
                0x10015f28      0x13c CMakeFiles/Touchord.dir/amy/src/patches.c.o
                0x10015f28                patches_voices_for_load_synth
 .text.patches_load_patch
                0x10016064      0x4b8 CMakeFiles/Touchord.dir/amy/src/patches.c.o
                0x10016064                patches_load_patch
 .text.get_preset_for_preset_number
                0x1001651c       0xac CMakeFiles/Touchord.dir/amy/src/pcm.c.o
                0x1001651c                get_preset_for_preset_number
 .text.pcm_init
                0x100165c8        0xc CMakeFiles/Touchord.dir/amy/src/pcm.c.o
                0x100165c8                pcm_init
 .text.pcm_deinit
                0x100165d4       0x5c CMakeFiles/Touchord.dir/amy/src/pcm.c.o
                0x100165d4                pcm_deinit
 .text.pcm_note_on
                0x10016630       0xdc CMakeFiles/Touchord.dir/amy/src/pcm.c.o
                0x10016630                pcm_note_on
 .text.pcm_mod_trigger
                0x1001670c       0xdc CMakeFiles/Touchord.dir/amy/src/pcm.c.o
                0x1001670c                pcm_mod_trigger
 .text.pcm_note_off
                0x100167e8       0x84 CMakeFiles/Touchord.dir/amy/src/pcm.c.o
                0x100167e8                pcm_note_off
 .text.render_pcm
                0x1001686c      0x3a8 CMakeFiles/Touchord.dir/amy/src/pcm.c.o
                0x1001686c                render_pcm
 .text.compute_mod_pcm
                0x10016c14       0x40 CMakeFiles/Touchord.dir/amy/src/pcm.c.o
                0x10016c14                compute_mod_pcm
 .text.pcm_load_file
                0x10016c54      0x1a8 CMakeFiles/Touchord.dir/amy/src/pcm.c.o
                0x10016c54                pcm_load_file
 .text.pcm_load
                0x10016dfc      0x118 CMakeFiles/Touchord.dir/amy/src/pcm.c.o
                0x10016dfc                pcm_load
 .text.pcm_unload_preset
                0x10016f14       0x50 CMakeFiles/Touchord.dir/amy/src/pcm.c.o
                0x10016f14                pcm_unload_preset
 .text.pcm_unload_all_presets
                0x10016f64       0x5c CMakeFiles/Touchord.dir/amy/src/pcm.c.o
                0x10016f64                pcm_unload_all_presets
 .text.sequencer_process_tick
                0x10016fc0       0xb8 CMakeFiles/Touchord.dir/amy/src/sequencer.c.o
 .text.sequencer_timer_callback
                0x10017078       0x7c CMakeFiles/Touchord.dir/amy/src/sequencer.c.o
 *fill*         0x100170f4        0x4 
 .text.sequencer_init
                0x100170f8       0xc8 CMakeFiles/Touchord.dir/amy/src/sequencer.c.o
                0x100170f8                sequencer_init
 .text.sequencer_reset
                0x100171c0       0x68 CMakeFiles/Touchord.dir/amy/src/sequencer.c.o
                0x100171c0                sequencer_reset
 .text.sequencer_deinit
                0x10017228       0x74 CMakeFiles/Touchord.dir/amy/src/sequencer.c.o
                0x10017228                sequencer_deinit
 .text.sequencer_debug
                0x1001729c       0x8c CMakeFiles/Touchord.dir/amy/src/sequencer.c.o
                0x1001729c                sequencer_debug
 .text.sequencer_recompute
                0x10017328       0x64 CMakeFiles/Touchord.dir/amy/src/sequencer.c.o
                0x10017328                sequencer_recompute
 .text.sequencer_midi_start
                0x1001738c       0x38 CMakeFiles/Touchord.dir/amy/src/sequencer.c.o
                0x1001738c                sequencer_midi_start
 .text.sequencer_midi_stop
                0x100173c4        0xc CMakeFiles/Touchord.dir/amy/src/sequencer.c.o
                0x100173c4                sequencer_midi_stop
 .text.sequencer_add_event
                0x100173d0       0x98 CMakeFiles/Touchord.dir/amy/src/sequencer.c.o
                0x100173d0                sequencer_add_event
 .text.amy_emit_state_lines
                0x10017468       0xcc CMakeFiles/Touchord.dir/amy/src/transfer.c.o
 .text.start_receiving_transfer
                0x10017534       0x38 CMakeFiles/Touchord.dir/amy/src/transfer.c.o
                0x10017534                start_receiving_transfer
 .text.start_receiving_sample
                0x1001756c       0x2c CMakeFiles/Touchord.dir/amy/src/transfer.c.o
                0x1001756c                start_receiving_sample
 .text.stop_receiving_sample
                0x10017598       0x18 CMakeFiles/Touchord.dir/amy/src/transfer.c.o
                0x10017598                stop_receiving_sample
 .text.start_receiving_file_transfer
                0x100175b0       0xa0 CMakeFiles/Touchord.dir/amy/src/transfer.c.o
                0x100175b0                start_receiving_file_transfer
 .text.b64_encode
                0x10017650      0x14c CMakeFiles/Touchord.dir/amy/src/transfer.c.o
                0x10017650                b64_encode
 .text._zdump_stream_drain.part.0
                0x1001779c       0x84 CMakeFiles/Touchord.dir/amy/src/transfer.c.o
 .text._zdump_state_line_cb
                0x10017820       0xb8 CMakeFiles/Touchord.dir/amy/src/transfer.c.o
 .text.b64_decode_ex
                0x100178d8      0x150 CMakeFiles/Touchord.dir/amy/src/transfer.c.o
                0x100178d8                b64_decode_ex
 .text.parse_transfer_message
                0x10017a28       0xcc CMakeFiles/Touchord.dir/amy/src/transfer.c.o
                0x10017a28                parse_transfer_message
 .text.amy_dump_state_to_sysex
                0x10017af4      0x13c CMakeFiles/Touchord.dir/amy/src/transfer.c.o
                0x10017af4                amy_dump_state_to_sysex
 .text.amy_dump_file_to_sysex
                0x10017c30      0x234 CMakeFiles/Touchord.dir/amy/src/transfer.c.o
                0x10017c30                amy_dump_file_to_sysex
 .text.transfer_init
                0x10017e64        0x4 CMakeFiles/Touchord.dir/amy/src/transfer.c.o
                0x10017e64                transfer_init
 .text.wave_parse_header
                0x10017e68      0x1c4 CMakeFiles/Touchord.dir/amy/src/transfer.c.o
                0x10017e68                wave_parse_header
 .text.wave_read_pcm_frames_s16
                0x1001802c       0xe8 CMakeFiles/Touchord.dir/amy/src/transfer.c.o
                0x1001802c                wave_read_pcm_frames_s16
 .text.gpio_set_function
                0x10018114       0x3c CMakeFiles/Touchord.dir/Users/davidricaud/.pico-sdk/sdk/2.2.0/src/rp2_common/hardware_gpio/gpio.c.o
                0x10018114                gpio_set_function
 .text.gpio_set_pulls
                0x10018150       0x28 CMakeFiles/Touchord.dir/Users/davidricaud/.pico-sdk/sdk/2.2.0/src/rp2_common/hardware_gpio/gpio.c.o
                0x10018150                gpio_set_pulls
 .text.gpio_init
                0x10018178       0x48 CMakeFiles/Touchord.dir/Users/davidricaud/.pico-sdk/sdk/2.2.0/src/rp2_common/hardware_gpio/gpio.c.o
                0x10018178                gpio_init
 .text.panic    0x100181c0       0x30 CMakeFiles/Touchord.dir/Users/davidricaud/.pico-sdk/sdk/2.2.0/src/rp2_common/pico_platform_panic/panic.c.o
                0x100181c0                panic
 .text.hw_claim_lock
                0x100181f0       0x24 CMakeFiles/Touchord.dir/Users/davidricaud/.pico-sdk/sdk/2.2.0/src/common/hardware_claim/claim.c.o
                0x100181f0                hw_claim_lock
 .text.hw_claim_unlock
                0x10018214       0x14 CMakeFiles/Touchord.dir/Users/davidricaud/.pico-sdk/sdk/2.2.0/src/common/hardware_claim/claim.c.o
                0x10018214                hw_claim_unlock
 .text.hw_is_claimed
                0x10018228       0x18 CMakeFiles/Touchord.dir/Users/davidricaud/.pico-sdk/sdk/2.2.0/src/common/hardware_claim/claim.c.o
                0x10018228                hw_is_claimed
 .text.hw_claim_or_assert
                0x10018240       0x58 CMakeFiles/Touchord.dir/Users/davidricaud/.pico-sdk/sdk/2.2.0/src/common/hardware_claim/claim.c.o
                0x10018240                hw_claim_or_assert
 .text.hw_claim_unused_from_range
                0x10018298       0x80 CMakeFiles/Touchord.dir/Users/davidricaud/.pico-sdk/sdk/2.2.0/src/common/hardware_claim/claim.c.o
                0x10018298                hw_claim_unused_from_range
 .text.hw_claim_clear
                0x10018318       0x50 CMakeFiles/Touchord.dir/Users/davidricaud/.pico-sdk/sdk/2.2.0/src/common/hardware_claim/claim.c.o
                0x10018318                hw_claim_clear
 .text.next_striped_spin_lock_num
                0x10018368       0x18 CMakeFiles/Touchord.dir/Users/davidricaud/.pico-sdk/sdk/2.2.0/src/rp2_common/hardware_sync/sync.c.o
                0x10018368                next_striped_spin_lock_num
 .text.spin_lock_claim_unused
                0x10018380       0x20 CMakeFiles/Touchord.dir/Users/davidricaud/.pico-sdk/sdk/2.2.0/src/rp2_common/hardware_sync/sync.c.o
                0x10018380                spin_lock_claim_unused
 .text.spinlock_set_extexclall
                0x100183a0       0x10 CMakeFiles/Touchord.dir/Users/davidricaud/.pico-sdk/sdk/2.2.0/src/rp2_common/hardware_sync_spin_lock/sync_spin_lock.c.o
 .text.spin_locks_reset
                0x100183b0       0x18 CMakeFiles/Touchord.dir/Users/davidricaud/.pico-sdk/sdk/2.2.0/src/rp2_common/hardware_sync_spin_lock/sync_spin_lock.c.o
                0x100183b0                spin_locks_reset
 .text.runtime_init_per_core_irq_priorities
                0x100183c8       0x40 CMakeFiles/Touchord.dir/Users/davidricaud/.pico-sdk/sdk/2.2.0/src/rp2_common/hardware_irq/irq.c.o
                0x100183c8                runtime_init_per_core_irq_priorities
 .text.irq_set_enabled
                0x10018408       0x2c CMakeFiles/Touchord.dir/Users/davidricaud/.pico-sdk/sdk/2.2.0/src/rp2_common/hardware_irq/irq.c.o
                0x10018408                irq_set_enabled
 .text.irq_is_enabled
                0x10018434       0x20 CMakeFiles/Touchord.dir/Users/davidricaud/.pico-sdk/sdk/2.2.0/src/rp2_common/hardware_irq/irq.c.o
                0x10018434                irq_is_enabled
 .text.irq_set_exclusive_handler
                0x10018454       0x60 CMakeFiles/Touchord.dir/Users/davidricaud/.pico-sdk/sdk/2.2.0/src/rp2_common/hardware_irq/irq.c.o
                0x10018454                irq_set_exclusive_handler
 .text.irq_add_shared_handler
                0x100184b4      0x1e8 CMakeFiles/Touchord.dir/Users/davidricaud/.pico-sdk/sdk/2.2.0/src/rp2_common/hardware_irq/irq.c.o
                0x100184b4                irq_add_shared_handler
 .text.irq_add_tail_to_free_list
                0x1001869c       0xbc CMakeFiles/Touchord.dir/Users/davidricaud/.pico-sdk/sdk/2.2.0/src/rp2_common/hardware_irq/irq.c.o
                0x1001869c                irq_add_tail_to_free_list
 .text.lock_init
                0x10018758        0xc CMakeFiles/Touchord.dir/Users/davidricaud/.pico-sdk/sdk/2.2.0/src/common/pico_sync/lock_core.c.o
                0x10018758                lock_init
 .text.runtime_init_mutex
                0x10018764       0x4c CMakeFiles/Touchord.dir/Users/davidricaud/.pico-sdk/sdk/2.2.0/src/common/pico_sync/mutex.c.o
                0x10018764                runtime_init_mutex
 .text.mutex_init
                0x100187b0       0x1c CMakeFiles/Touchord.dir/Users/davidricaud/.pico-sdk/sdk/2.2.0/src/common/pico_sync/mutex.c.o
                0x100187b0                mutex_init
 .text.critical_section_init
                0x100187cc       0x1c CMakeFiles/Touchord.dir/Users/davidricaud/.pico-sdk/sdk/2.2.0/src/common/pico_sync/critical_section.c.o
                0x100187cc                critical_section_init
 .text.sleep_until_callback
                0x100187e8       0x3c CMakeFiles/Touchord.dir/Users/davidricaud/.pico-sdk/sdk/2.2.0/src/common/pico_time/time.c.o
 *fill*         0x10018824        0x4 
 .text.alarm_pool_irq_handler
                0x10018828      0x2f0 CMakeFiles/Touchord.dir/Users/davidricaud/.pico-sdk/sdk/2.2.0/src/common/pico_time/time.c.o
 .text.runtime_init_default_alarm_pool
                0x10018b18      0x100 CMakeFiles/Touchord.dir/Users/davidricaud/.pico-sdk/sdk/2.2.0/src/common/pico_time/time.c.o
                0x10018b18                runtime_init_default_alarm_pool
 .text.alarm_pool_get_default
                0x10018c18        0x8 CMakeFiles/Touchord.dir/Users/davidricaud/.pico-sdk/sdk/2.2.0/src/common/pico_time/time.c.o
                0x10018c18                alarm_pool_get_default
 .text.alarm_pool_add_alarm_at_force_in_context
                0x10018c20       0xc8 CMakeFiles/Touchord.dir/Users/davidricaud/.pico-sdk/sdk/2.2.0/src/common/pico_time/time.c.o
                0x10018c20                alarm_pool_add_alarm_at_force_in_context
 .text.alarm_pool_cancel_alarm
                0x10018ce8       0x80 CMakeFiles/Touchord.dir/Users/davidricaud/.pico-sdk/sdk/2.2.0/src/common/pico_time/time.c.o
                0x10018ce8                alarm_pool_cancel_alarm
 .text.sleep_ms
                0x10018d68       0xdc CMakeFiles/Touchord.dir/Users/davidricaud/.pico-sdk/sdk/2.2.0/src/common/pico_time/time.c.o
                0x10018d68                sleep_ms
 .text.best_effort_wfe_or_timeout
                0x10018e44       0xd4 CMakeFiles/Touchord.dir/Users/davidricaud/.pico-sdk/sdk/2.2.0/src/common/pico_time/time.c.o
                0x10018e44                best_effort_wfe_or_timeout
 .text.alarm_pool_add_repeating_timer_us
                0x10018f18      0x120 CMakeFiles/Touchord.dir/Users/davidricaud/.pico-sdk/sdk/2.2.0/src/common/pico_time/time.c.o
                0x10018f18                alarm_pool_add_repeating_timer_us
 .text.cancel_repeating_timer
                0x10019038       0x9c CMakeFiles/Touchord.dir/Users/davidricaud/.pico-sdk/sdk/2.2.0/src/common/pico_time/time.c.o
                0x10019038                cancel_repeating_timer
 .text.timer_hardware_alarm_claim
                0x100190d4       0x24 CMakeFiles/Touchord.dir/Users/davidricaud/.pico-sdk/sdk/2.2.0/src/rp2_common/hardware_timer/timer.c.o
                0x100190d4                timer_hardware_alarm_claim
 .text.timer_time_us_64
                0x100190f8       0x10 CMakeFiles/Touchord.dir/Users/davidricaud/.pico-sdk/sdk/2.2.0/src/rp2_common/hardware_timer/timer.c.o
                0x100190f8                timer_time_us_64
 .text.time_us_64
                0x10019108       0x14 CMakeFiles/Touchord.dir/Users/davidricaud/.pico-sdk/sdk/2.2.0/src/rp2_common/hardware_timer/timer.c.o
                0x10019108                time_us_64
 .text.busy_wait_us
                0x1001911c       0x5c CMakeFiles/Touchord.dir/Users/davidricaud/.pico-sdk/sdk/2.2.0/src/rp2_common/hardware_timer/timer.c.o
                0x1001911c                busy_wait_us
 .text.busy_wait_until
                0x10019178       0x24 CMakeFiles/Touchord.dir/Users/davidricaud/.pico-sdk/sdk/2.2.0/src/rp2_common/hardware_timer/timer.c.o
                0x10019178                busy_wait_until
 .text.queue_init_with_spinlock
                0x1001919c       0x24 CMakeFiles/Touchord.dir/Users/davidricaud/.pico-sdk/sdk/2.2.0/src/common/pico_util/queue.c.o
                0x1001919c                queue_init_with_spinlock
 .text.queue_try_add
                0x100191c0       0x74 CMakeFiles/Touchord.dir/Users/davidricaud/.pico-sdk/sdk/2.2.0/src/common/pico_util/queue.c.o
                0x100191c0                queue_try_add
 .text.queue_try_remove
                0x10019234       0x80 CMakeFiles/Touchord.dir/Users/davidricaud/.pico-sdk/sdk/2.2.0/src/common/pico_util/queue.c.o
                0x10019234                queue_try_remove
 .text.uart_init
                0x100192b4      0x104 CMakeFiles/Touchord.dir/Users/davidricaud/.pico-sdk/sdk/2.2.0/src/rp2_common/hardware_uart/uart.c.o
                0x100192b4                uart_init
 .text.uart_set_format
                0x100193b8       0x70 CMakeFiles/Touchord.dir/Users/davidricaud/.pico-sdk/sdk/2.2.0/src/rp2_common/hardware_uart/uart.c.o
                0x100193b8                uart_set_format
 .text.uart_set_fifo_enabled
                0x10019428       0x58 CMakeFiles/Touchord.dir/Users/davidricaud/.pico-sdk/sdk/2.2.0/src/rp2_common/hardware_uart/uart.c.o
                0x10019428                uart_set_fifo_enabled
 .text.clock_configure_undivided
                0x10019480       0xd0 CMakeFiles/Touchord.dir/Users/davidricaud/.pico-sdk/sdk/2.2.0/src/rp2_common/hardware_clocks/clocks.c.o
                0x10019480                clock_configure_undivided
 .text.clock_get_hz
                0x10019550        0xc CMakeFiles/Touchord.dir/Users/davidricaud/.pico-sdk/sdk/2.2.0/src/rp2_common/hardware_clocks/clocks.c.o
                0x10019550                clock_get_hz
 .text.pll_init
                0x1001955c       0x8c CMakeFiles/Touchord.dir/Users/davidricaud/.pico-sdk/sdk/2.2.0/src/rp2_common/hardware_pll/pll.c.o
                0x1001955c                pll_init
 .text.tick_start
                0x100195e8       0x18 CMakeFiles/Touchord.dir/Users/davidricaud/.pico-sdk/sdk/2.2.0/src/rp2_common/hardware_ticks/ticks.c.o
                0x100195e8                tick_start
 .text.rom_reboot.constprop.0.isra.0
                0x10019600       0x34 CMakeFiles/Touchord.dir/Users/davidricaud/.pico-sdk/sdk/2.2.0/src/rp2_common/pico_bootrom/bootrom.c.o
 .text.rom_func_lookup
                0x10019634       0x18 CMakeFiles/Touchord.dir/Users/davidricaud/.pico-sdk/sdk/2.2.0/src/rp2_common/pico_bootrom/bootrom.c.o
                0x10019634                rom_func_lookup
 .text.rom_reset_usb_boot
                0x1001964c       0x1c CMakeFiles/Touchord.dir/Users/davidricaud/.pico-sdk/sdk/2.2.0/src/rp2_common/pico_bootrom/bootrom.c.o
                0x1001964c                rom_reset_usb_boot
 .text.runtime_init_bootrom_locking_enable
                0x10019668       0x14 CMakeFiles/Touchord.dir/Users/davidricaud/.pico-sdk/sdk/2.2.0/src/rp2_common/pico_bootrom/bootrom_lock.c.o
                0x10019668                runtime_init_bootrom_locking_enable
 .text.runtime_init_boot_locks_reset
                0x1001967c       0x1c CMakeFiles/Touchord.dir/Users/davidricaud/.pico-sdk/sdk/2.2.0/src/rp2_common/hardware_boot_lock/boot_lock.c.o
                0x1001967c                runtime_init_boot_locks_reset
 .text.xosc_init
                0x10019698       0x30 CMakeFiles/Touchord.dir/Users/davidricaud/.pico-sdk/sdk/2.2.0/src/rp2_common/hardware_xosc/xosc.c.o
                0x10019698                xosc_init
 .text.first_per_core_initializer
                0x100196c8        0x4 CMakeFiles/Touchord.dir/Users/davidricaud/.pico-sdk/sdk/2.2.0/src/rp2_common/pico_runtime/runtime.c.o
 .text.hard_assertion_failure
                0x100196cc        0xc CMakeFiles/Touchord.dir/Users/davidricaud/.pico-sdk/sdk/2.2.0/src/rp2_common/pico_runtime/runtime.c.o
                0x100196cc                hard_assertion_failure
 .text.runtime_run_initializers
                0x100196d8       0x20 CMakeFiles/Touchord.dir/Users/davidricaud/.pico-sdk/sdk/2.2.0/src/rp2_common/pico_runtime/runtime.c.o
                0x100196d8                runtime_run_initializers
 .text.runtime_run_per_core_initializers
                0x100196f8       0x20 CMakeFiles/Touchord.dir/Users/davidricaud/.pico-sdk/sdk/2.2.0/src/rp2_common/pico_runtime/runtime.c.o
                0x100196f8                runtime_run_per_core_initializers
 .text.runtime_init_early_resets
                0x10019718       0x34 CMakeFiles/Touchord.dir/Users/davidricaud/.pico-sdk/sdk/2.2.0/src/rp2_common/pico_runtime_init/runtime_init.c.o
                0x10019718                runtime_init_early_resets
 .text.runtime_init_usb_power_down
                0x1001974c       0x1c CMakeFiles/Touchord.dir/Users/davidricaud/.pico-sdk/sdk/2.2.0/src/rp2_common/pico_runtime_init/runtime_init.c.o
                0x1001974c                runtime_init_usb_power_down
 .text.runtime_init_per_core_enable_coprocessors
                0x10019768       0x1c CMakeFiles/Touchord.dir/Users/davidricaud/.pico-sdk/sdk/2.2.0/src/rp2_common/pico_runtime_init/runtime_init.c.o
                0x10019768                runtime_init_per_core_enable_coprocessors
 .text.runtime_init_post_clock_resets
                0x10019784       0x20 CMakeFiles/Touchord.dir/Users/davidricaud/.pico-sdk/sdk/2.2.0/src/rp2_common/pico_runtime_init/runtime_init.c.o
                0x10019784                runtime_init_post_clock_resets
 .text.runtime_init_bootrom_reset
                0x100197a4       0x14 CMakeFiles/Touchord.dir/Users/davidricaud/.pico-sdk/sdk/2.2.0/src/rp2_common/pico_runtime_init/runtime_init.c.o
                0x100197a4                runtime_init_bootrom_reset
 .text.runtime_init_per_core_bootrom_reset
                0x100197b8       0x14 CMakeFiles/Touchord.dir/Users/davidricaud/.pico-sdk/sdk/2.2.0/src/rp2_common/pico_runtime_init/runtime_init.c.o
                0x100197b8                runtime_init_per_core_bootrom_reset
 .text.runtime_init_spin_locks_reset
                0x100197cc        0x4 CMakeFiles/Touchord.dir/Users/davidricaud/.pico-sdk/sdk/2.2.0/src/rp2_common/pico_runtime_init/runtime_init.c.o
                0x100197cc                runtime_init_spin_locks_reset
 .text.runtime_init_install_ram_vector_table
                0x100197d0       0x68 CMakeFiles/Touchord.dir/Users/davidricaud/.pico-sdk/sdk/2.2.0/src/rp2_common/pico_runtime_init/runtime_init.c.o
                0x100197d0                runtime_init_install_ram_vector_table
 .text.runtime_init_clocks
                0x10019838       0xdc CMakeFiles/Touchord.dir/Users/davidricaud/.pico-sdk/sdk/2.2.0/src/rp2_common/pico_runtime_init/runtime_init_clocks.c.o
                0x10019838                runtime_init_clocks
 .text.__rp2350_dcp_engaged_state_save_restore
                0x10019914       0x3a CMakeFiles/Touchord.dir/Users/davidricaud/.pico-sdk/sdk/2.2.0/src/rp2_common/pico_double/double_aeabi_dcp.S.o
 *fill*         0x1001994e        0x2 
 .text.__wrap___aeabi_dadd
                0x10019950       0x28 CMakeFiles/Touchord.dir/Users/davidricaud/.pico-sdk/sdk/2.2.0/src/rp2_common/pico_double/double_aeabi_dcp.S.o
                0x10019958                __wrap___aeabi_dadd
 .text.__wrap___aeabi_dsub
                0x10019978       0x28 CMakeFiles/Touchord.dir/Users/davidricaud/.pico-sdk/sdk/2.2.0/src/rp2_common/pico_double/double_aeabi_dcp.S.o
                0x10019980                __wrap___aeabi_dsub
 .text.__wrap___aeabi_dmul
                0x100199a0       0x4c CMakeFiles/Touchord.dir/Users/davidricaud/.pico-sdk/sdk/2.2.0/src/rp2_common/pico_double/double_aeabi_dcp.S.o
                0x100199a8                __wrap___aeabi_dmul
 .text.__wrap___aeabi_ddiv
                0x100199ec       0x9c CMakeFiles/Touchord.dir/Users/davidricaud/.pico-sdk/sdk/2.2.0/src/rp2_common/pico_double/double_aeabi_dcp.S.o
                0x100199f4                __wrap___aeabi_ddiv
 .text.__wrap___aeabi_d2f
                0x10019a88       0x1c CMakeFiles/Touchord.dir/Users/davidricaud/.pico-sdk/sdk/2.2.0/src/rp2_common/pico_double/double_aeabi_dcp.S.o
                0x10019a90                double2float
                0x10019a90                __wrap___aeabi_d2f
 .text.__wrap___aeabi_i2d
                0x10019aa4       0x24 CMakeFiles/Touchord.dir/Users/davidricaud/.pico-sdk/sdk/2.2.0/src/rp2_common/pico_double/double_aeabi_dcp.S.o
                0x10019aac                __wrap___aeabi_i2d
                0x10019aac                int2double
 .text.__wrap___aeabi_ui2d
                0x10019ac8       0x24 CMakeFiles/Touchord.dir/Users/davidricaud/.pico-sdk/sdk/2.2.0/src/rp2_common/pico_double/double_aeabi_dcp.S.o
                0x10019ad0                __wrap___aeabi_ui2d
                0x10019ad0                uint2double
 .text.__wrap___aeabi_d2iz
                0x10019aec       0x24 CMakeFiles/Touchord.dir/Users/davidricaud/.pico-sdk/sdk/2.2.0/src/rp2_common/pico_double/double_aeabi_dcp.S.o
                0x10019af4                __wrap___aeabi_d2iz
                0x10019af4                double2int_z
 .text.__wrap___aeabi_d2uiz
                0x10019b10       0x24 CMakeFiles/Touchord.dir/Users/davidricaud/.pico-sdk/sdk/2.2.0/src/rp2_common/pico_double/double_aeabi_dcp.S.o
                0x10019b18                double2uint_z
                0x10019b18                double2uint
                0x10019b18                __wrap___aeabi_d2uiz
 .text.__wrap___aeabi_dcmpun
                0x10019b34       0x24 CMakeFiles/Touchord.dir/Users/davidricaud/.pico-sdk/sdk/2.2.0/src/rp2_common/pico_double/double_aeabi_dcp.S.o
                0x10019b3c                __wrap___aeabi_dcmpun
 .text.__wrap___aeabi_dcmpeq
                0x10019b58       0x24 CMakeFiles/Touchord.dir/Users/davidricaud/.pico-sdk/sdk/2.2.0/src/rp2_common/pico_double/double_aeabi_dcp.S.o
                0x10019b60                __wrap___aeabi_dcmpeq
 .text.__wrap___aeabi_dcmplt
                0x10019b7c       0x28 CMakeFiles/Touchord.dir/Users/davidricaud/.pico-sdk/sdk/2.2.0/src/rp2_common/pico_double/double_aeabi_dcp.S.o
                0x10019b84                __wrap___aeabi_dcmplt
 .text.__wrap___aeabi_dcmple
                0x10019ba4       0x28 CMakeFiles/Touchord.dir/Users/davidricaud/.pico-sdk/sdk/2.2.0/src/rp2_common/pico_double/double_aeabi_dcp.S.o
                0x10019bac                __wrap___aeabi_dcmple
 .text.__wrap___aeabi_dcmpge
                0x10019bcc       0x28 CMakeFiles/Touchord.dir/Users/davidricaud/.pico-sdk/sdk/2.2.0/src/rp2_common/pico_double/double_aeabi_dcp.S.o
                0x10019bd4                __wrap___aeabi_dcmpge
 .text.__wrap___aeabi_dcmpgt
                0x10019bf4       0x28 CMakeFiles/Touchord.dir/Users/davidricaud/.pico-sdk/sdk/2.2.0/src/rp2_common/pico_double/double_aeabi_dcp.S.o
                0x10019bfc                __wrap___aeabi_dcmpgt
 .text.dpack    0x10019c1c       0x58 CMakeFiles/Touchord.dir/Users/davidricaud/.pico-sdk/sdk/2.2.0/src/rp2_common/pico_double/double_sci_m33.S.o
 .text.dreduce  0x10019c74       0x7a CMakeFiles/Touchord.dir/Users/davidricaud/.pico-sdk/sdk/2.2.0/src/rp2_common/pico_double/double_sci_m33.S.o
 *fill*         0x10019cee        0x2 
 .text.exptab   0x10019cf0      0x1fc CMakeFiles/Touchord.dir/Users/davidricaud/.pico-sdk/sdk/2.2.0/src/rp2_common/pico_double/double_sci_m33.S.o
                0x10019cf0                exptab0
                0x10019d50                exptab1
                0x10019de0                exptab2
                0x10019e60                logtab0
 .text.__wrap_exp
                0x10019eec      0x148 CMakeFiles/Touchord.dir/Users/davidricaud/.pico-sdk/sdk/2.2.0/src/rp2_common/pico_double/double_sci_m33.S.o
                0x10019f16                __wrap_exp
 .text.__wrap_log
                0x1001a034      0x358 CMakeFiles/Touchord.dir/Users/davidricaud/.pico-sdk/sdk/2.2.0/src/rp2_common/pico_double/double_sci_m33.S.o
                0x1001a212                __wrap_log
 .text.__wrap_conv_tod
                0x1001a38c      0x20c CMakeFiles/Touchord.dir/Users/davidricaud/.pico-sdk/sdk/2.2.0/src/rp2_common/pico_double/double_conv_m33.S.o
                0x1001a38c                __wrap___aeabi_l2d
                0x1001a38c                int642double
                0x1001a38e                fix642double
                0x1001a432                __wrap___aeabi_ul2d
                0x1001a432                uint642double
                0x1001a434                ufix642double
                0x1001a4c8                fix2double
                0x1001a538                ufix2double
 .text.__wrap_conv_dtoi64_z
                0x1001a598       0xa0 CMakeFiles/Touchord.dir/Users/davidricaud/.pico-sdk/sdk/2.2.0/src/rp2_common/pico_double/double_conv_m33.S.o
                0x1001a598                __wrap___aeabi_d2lz
                0x1001a598                double2int64_z
                0x1001a59a                double2fix64_z
 .text.fpow_int2
                0x1001a638       0xdc CMakeFiles/Touchord.dir/Users/davidricaud/.pico-sdk/sdk/2.2.0/src/rp2_common/pico_float/float_math.c.o
 .text.fpow_0   0x1001a714       0xe8 CMakeFiles/Touchord.dir/Users/davidricaud/.pico-sdk/sdk/2.2.0/src/rp2_common/pico_float/float_math.c.o
 *fill*         0x1001a7fc        0x4 
 .text.__wrap_exp2f
                0x1001a800       0x28 CMakeFiles/Touchord.dir/Users/davidricaud/.pico-sdk/sdk/2.2.0/src/rp2_common/pico_float/float_math.c.o
                0x1001a800                __wrap_exp2f
 .text.__wrap_log2f
                0x1001a828       0x1c CMakeFiles/Touchord.dir/Users/davidricaud/.pico-sdk/sdk/2.2.0/src/rp2_common/pico_float/float_math.c.o
                0x1001a828                __wrap_log2f
 .text.__wrap_log10f
                0x1001a844       0x1c CMakeFiles/Touchord.dir/Users/davidricaud/.pico-sdk/sdk/2.2.0/src/rp2_common/pico_float/float_math.c.o
                0x1001a844                __wrap_log10f
 .text.__wrap_powf
                0x1001a860      0x1a0 CMakeFiles/Touchord.dir/Users/davidricaud/.pico-sdk/sdk/2.2.0/src/rp2_common/pico_float/float_math.c.o
                0x1001a860                __wrap_powf
 .text.frrcore_v
                0x1001aa00       0x54 CMakeFiles/Touchord.dir/Users/davidricaud/.pico-sdk/sdk/2.2.0/src/rp2_common/pico_float/float_sci_m33_vfp.S.o
 *fill*         0x1001aa54        0x4 
 .text.__wrap_expf